loan 1    rc=0   http=200     16704 bytes  https://localhost:8444/fineract-provider/api/v1/journalentries?loanId=1&limit=-1
loan 2    rc=0   http=200      7692 bytes  https://localhost:8444/fineract-provider/api/v1/journalentries?loanId=2&limit=-1
loan 3    rc=0   http=200      9828 bytes  https://localhost:8444/fineract-provider/api/v1/journalentries?loanId=3&limit=-1
loan 4    rc=0   http=200     14012 bytes  https://localhost:8444/fineract-provider/api/v1/journalentries?loanId=4&limit=-1
loan 5    rc=0   http=200     15411 bytes  https://localhost:8444/fineract-provider/api/v1/journalentries?loanId=5&limit=-1
loan 6    rc=0   http=200     12659 bytes  https://localhost:8444/fineract-provider/api/v1/journalentries?loanId=6&limit=-1
loan 7    rc=0   http=200      9867 bytes  https://localhost:8444/fineract-provider/api/v1/journalentries?loanId=7&limit=-1
loan 8    rc=0   http=200      9857 bytes  https://localhost:8444/fineract-provider/api/v1/journalentries?loanId=8&limit=-1
loan 9    rc=0   http=200     12634 bytes  https://localhost:8444/fineract-provider/api/v1/journalentries?loanId=9&limit=-1
loan 10   rc=0   http=200     19684 bytes  https://localhost:8444/fineract-provider/api/v1/journalentries?loanId=10&limit=-1
loan 11   rc=0   http=200      9844 bytes  https://localhost:8444/fineract-provider/api/v1/journalentries?loanId=11&limit=-1
loan 12   rc=0   http=200     14030 bytes  https://localhost:8444/fineract-provider/api/v1/journalentries?loanId=12&limit=-1
loan 13   rc=0   http=200     15432 bytes  https://localhost:8444/fineract-provider/api/v1/journalentries?loanId=13&limit=-1
loan 14   rc=0   http=200     12677 bytes  https://localhost:8444/fineract-provider/api/v1/journalentries?loanId=14&limit=-1
loan 15   rc=0   http=200      9875 bytes  https://localhost:8444/fineract-provider/api/v1/journalentries?loanId=15&limit=-1
loan 16   rc=0   http=200      9865 bytes  https://localhost:8444/fineract-provider/api/v1/journalentries?loanId=16&limit=-1
loan 17   rc=0   http=200     12634 bytes  https://localhost:8444/fineract-provider/api/v1/journalentries?loanId=17&limit=-1
loan 18   rc=0   http=200     19690 bytes  https://localhost:8444/fineract-provider/api/v1/journalentries?loanId=18&limit=-1
loan 19   rc=0   http=200     14031 bytes  https://localhost:8444/fineract-provider/api/v1/journalentries?loanId=19&limit=-1
loan 20   rc=0   http=200     16916 bytes  https://localhost:8444/fineract-provider/api/v1/journalentries?loanId=20&limit=-1
loan 21   rc=0   http=200      9167 bytes  https://localhost:8444/fineract-provider/api/v1/journalentries?loanId=21&limit=-1
loan 22   rc=0   http=200     14119 bytes  https://localhost:8444/fineract-provider/api/v1/journalentries?loanId=22&limit=-1
loan 23   rc=0   http=200     16916 bytes  https://localhost:8444/fineract-provider/api/v1/journalentries?loanId=23&limit=-1
loan 24   rc=0   http=200     18322 bytes  https://localhost:8444/fineract-provider/api/v1/journalentries?loanId=24&limit=-1
loan 25   rc=0   http=200     11271 bytes  https://localhost:8444/fineract-provider/api/v1/journalentries?loanId=25&limit=-1
loan 26   rc=0   http=200      4938 bytes  https://localhost:8444/fineract-provider/api/v1/journalentries?loanId=26&limit=-1
loan 27   rc=0   http=200     12667 bytes  https://localhost:8444/fineract-provider/api/v1/journalentries?loanId=27&limit=-1
loan 28   rc=0   http=200     12655 bytes  https://localhost:8444/fineract-provider/api/v1/journalentries?loanId=28&limit=-1
loan 29   rc=0   http=200     21012 bytes  https://localhost:8444/fineract-provider/api/v1/journalentries?loanId=29&limit=-1
loan 30   rc=0   http=200     12655 bytes  https://localhost:8444/fineract-provider/api/v1/journalentries?loanId=30&limit=-1
loan 31   rc=0   http=200     23872 bytes  https://localhost:8444/fineract-provider/api/v1/journalentries?loanId=31&limit=-1
loan 32   rc=0   http=200     23870 bytes  https://localhost:8444/fineract-provider/api/v1/journalentries?loanId=32&limit=-1
loan 33   rc=0   http=200      7759 bytes  https://localhost:8444/fineract-provider/api/v1/journalentries?loanId=33&limit=-1
loan 34   rc=0   http=200     10550 bytes  https://localhost:8444/fineract-provider/api/v1/journalentries?loanId=34&limit=-1
loan 35   rc=0   http=200     72550 bytes  https://localhost:8444/fineract-provider/api/v1/journalentries?loanId=35&limit=-1
loan 36   rc=0   http=200     72550 bytes  https://localhost:8444/fineract-provider/api/v1/journalentries?loanId=36&limit=-1
loan 37   rc=0   http=200     11972 bytes  https://localhost:8444/fineract-provider/api/v1/journalentries?loanId=37&limit=-1
loan 38   rc=0   http=200     15498 bytes  https://localhost:8444/fineract-provider/api/v1/journalentries?loanId=38&limit=-1
loan 39   rc=0   http=200     37789 bytes  https://localhost:8444/fineract-provider/api/v1/journalentries?loanId=39&limit=-1
loan 40   rc=0   http=200     11224 bytes  https://localhost:8444/fineract-provider/api/v1/journalentries?loanId=40&limit=-1
loan 41   rc=0   http=200     11246 bytes  https://localhost:8444/fineract-provider/api/v1/journalentries?loanId=41&limit=-1
sweep: 41 loans, 992 legs; manifest /Users/buv/oh-gerege-tierd16/.softhouse/capture/tierd-feasibility/cbr-mnt/journalentries-sweep-manifest.json
