loan 1    rc=0   http=200     13203 bytes  https://localhost:8444/fineract-provider/api/v1/journalentries?loanId=1&limit=-1
loan 2    rc=0   http=200    247429 bytes  https://localhost:8444/fineract-provider/api/v1/journalentries?loanId=2&limit=-1
loan 3    rc=0   http=200      9790 bytes  https://localhost:8444/fineract-provider/api/v1/journalentries?loanId=3&limit=-1
loan 4    rc=0   http=200    175774 bytes  https://localhost:8444/fineract-provider/api/v1/journalentries?loanId=4&limit=-1
loan 5    rc=0   http=200     13274 bytes  https://localhost:8444/fineract-provider/api/v1/journalentries?loanId=5&limit=-1
loan 6    rc=0   http=200    179256 bytes  https://localhost:8444/fineract-provider/api/v1/journalentries?loanId=6&limit=-1
loan 7    rc=0   http=200     17474 bytes  https://localhost:8444/fineract-provider/api/v1/journalentries?loanId=7&limit=-1
loan 8    rc=0   http=200     17498 bytes  https://localhost:8444/fineract-provider/api/v1/journalentries?loanId=8&limit=-1
loan 9    rc=0   http=200     11228 bytes  https://localhost:8444/fineract-provider/api/v1/journalentries?loanId=9&limit=-1
loan 10   rc=0   http=200     11256 bytes  https://localhost:8444/fineract-provider/api/v1/journalentries?loanId=10&limit=-1
loan 11   rc=0   http=200     17586 bytes  https://localhost:8444/fineract-provider/api/v1/journalentries?loanId=11&limit=-1
loan 12   rc=0   http=200     15431 bytes  https://localhost:8444/fineract-provider/api/v1/journalentries?loanId=12&limit=-1
loan 13   rc=0   http=200     14711 bytes  https://localhost:8444/fineract-provider/api/v1/journalentries?loanId=13&limit=-1
loan 14   rc=0   http=200     16119 bytes  https://localhost:8444/fineract-provider/api/v1/journalentries?loanId=14&limit=-1
loan 15   rc=0   http=200      6315 bytes  https://localhost:8444/fineract-provider/api/v1/journalentries?loanId=15&limit=-1
loan 16   rc=0   http=200    185371 bytes  https://localhost:8444/fineract-provider/api/v1/journalentries?loanId=16&limit=-1
loan 17   rc=0   http=200    139884 bytes  https://localhost:8444/fineract-provider/api/v1/journalentries?loanId=17&limit=-1
loan 18   rc=0   http=200      7726 bytes  https://localhost:8444/fineract-provider/api/v1/journalentries?loanId=18&limit=-1
loan 19   rc=0   http=200     39883 bytes  https://localhost:8444/fineract-provider/api/v1/journalentries?loanId=19&limit=-1
loan 20   rc=0   http=200     13319 bytes  https://localhost:8444/fineract-provider/api/v1/journalentries?loanId=20&limit=-1
loan 21   rc=0   http=200      7750 bytes  https://localhost:8444/fineract-provider/api/v1/journalentries?loanId=21&limit=-1
loan 22   rc=0   http=200     17536 bytes  https://localhost:8444/fineract-provider/api/v1/journalentries?loanId=22&limit=-1
loan 23   rc=0   http=200     17560 bytes  https://localhost:8444/fineract-provider/api/v1/journalentries?loanId=23&limit=-1
loan 24   rc=0   http=200     17599 bytes  https://localhost:8444/fineract-provider/api/v1/journalentries?loanId=24&limit=-1
loan 25   rc=0   http=200     17557 bytes  https://localhost:8444/fineract-provider/api/v1/journalentries?loanId=25&limit=-1
loan 26   rc=0   http=200      7051 bytes  https://localhost:8444/fineract-provider/api/v1/journalentries?loanId=26&limit=-1
loan 27   rc=0   http=200     13329 bytes  https://localhost:8444/fineract-provider/api/v1/journalentries?loanId=27&limit=-1
loan 28   rc=0   http=200     21715 bytes  https://localhost:8444/fineract-provider/api/v1/journalentries?loanId=28&limit=-1
loan 29   rc=0   http=200     30099 bytes  https://localhost:8444/fineract-provider/api/v1/journalentries?loanId=29&limit=-1
loan 30   rc=0   http=200     60784 bytes  https://localhost:8444/fineract-provider/api/v1/journalentries?loanId=30&limit=-1
loan 31   rc=0   http=200     53184 bytes  https://localhost:8444/fineract-provider/api/v1/journalentries?loanId=31&limit=-1
loan 32   rc=0   http=200      9132 bytes  https://localhost:8444/fineract-provider/api/v1/journalentries?loanId=32&limit=-1
loan 33   rc=0   http=200      9110 bytes  https://localhost:8444/fineract-provider/api/v1/journalentries?loanId=33&limit=-1
loan 34   rc=0   http=200     13311 bytes  https://localhost:8444/fineract-provider/api/v1/journalentries?loanId=34&limit=-1
loan 35   rc=0   http=200     16154 bytes  https://localhost:8444/fineract-provider/api/v1/journalentries?loanId=35&limit=-1
loan 36   rc=0   http=200     16176 bytes  https://localhost:8444/fineract-provider/api/v1/journalentries?loanId=36&limit=-1
loan 37   rc=0   http=200    264836 bytes  https://localhost:8444/fineract-provider/api/v1/journalentries?loanId=37&limit=-1
loan 38   rc=0   http=200    264850 bytes  https://localhost:8444/fineract-provider/api/v1/journalentries?loanId=38&limit=-1
loan 39   rc=0   http=200    264898 bytes  https://localhost:8444/fineract-provider/api/v1/journalentries?loanId=39&limit=-1
loan 40   rc=0   http=200    264850 bytes  https://localhost:8444/fineract-provider/api/v1/journalentries?loanId=40&limit=-1
loan 41   rc=0   http=200    264898 bytes  https://localhost:8444/fineract-provider/api/v1/journalentries?loanId=41&limit=-1
loan 42   rc=0   http=200    264850 bytes  https://localhost:8444/fineract-provider/api/v1/journalentries?loanId=42&limit=-1
loan 43   rc=0   http=200    264850 bytes  https://localhost:8444/fineract-provider/api/v1/journalentries?loanId=43&limit=-1
loan 44   rc=0   http=200     13326 bytes  https://localhost:8444/fineract-provider/api/v1/journalentries?loanId=44&limit=-1
loan 45   rc=0   http=200     14732 bytes  https://localhost:8444/fineract-provider/api/v1/journalentries?loanId=45&limit=-1
loan 46   rc=0   http=200     16112 bytes  https://localhost:8444/fineract-provider/api/v1/journalentries?loanId=46&limit=-1
loan 47   rc=0   http=200     16112 bytes  https://localhost:8444/fineract-provider/api/v1/journalentries?loanId=47&limit=-1
sweep: 47 loans, 4850 legs; manifest /Users/buv/oh-gerege-tierd17/.softhouse/capture/tierd-feasibility/buydown-fees-mnt/journalentries-sweep-manifest.json
