2026-09-10 05:03:03.118 - INFO 1  [         gerege] --- [nio-8443-exec-1] org.quartz.impl.StdSchedulerFactory      : Using default implementation for ThreadExecutor
2026-09-10 05:03:03.119 - INFO 1  [         gerege] --- [nio-8443-exec-1] org.quartz.core.SchedulerSignalerImpl    : Initialized Scheduler Signaller of type: class org.quartz.core.SchedulerSignalerImpl
2026-09-10 05:03:03.119 - INFO 1  [         gerege] --- [nio-8443-exec-1] org.quartz.core.QuartzScheduler          : Quartz Scheduler v2.5.2 created.
2026-09-10 05:03:03.119 - INFO 1  [         gerege] --- [nio-8443-exec-1] org.quartz.simpl.RAMJobStore             : RAMJobStore initialized.
2026-09-10 05:03:03.119 - INFO 1  [         gerege] --- [nio-8443-exec-1] org.quartz.core.QuartzScheduler          : Scheduler meta-data: Quartz Scheduler (v2.5.2) 'temp34' with instanceId 'NON_CLUSTERED'
  Scheduler class: 'org.quartz.core.QuartzScheduler' - running locally.
  NOT STARTED.
  Currently in standby mode.
  Number of jobs executed: 0
  Using thread pool 'org.quartz.simpl.SimpleThreadPool' - with 1 threads.
  Using job-store 'org.quartz.simpl.RAMJobStore' - which does not support persistence. and is not clustered.

2026-09-10 05:03:03.119 - INFO 1  [         gerege] --- [nio-8443-exec-1] org.quartz.impl.StdSchedulerFactory      : Quartz scheduler 'temp34' initialized from an externally provided properties instance.
2026-09-10 05:03:03.119 - INFO 1  [         gerege] --- [nio-8443-exec-1] org.quartz.impl.StdSchedulerFactory      : Quartz scheduler version: 2.5.2
2026-09-10 05:03:03.119 - INFO 1  [         gerege] --- [nio-8443-exec-1] org.quartz.core.QuartzScheduler          : JobFactory set to: org.springframework.scheduling.quartz.AdaptableJobFactory@2ab3e352
2026-09-10 05:03:03.119 - INFO 1  [         gerege] --- [nio-8443-exec-1] o.s.s.quartz.SchedulerFactoryBean        : Starting Quartz Scheduler now
2026-09-10 05:03:03.119 - INFO 1  [         gerege] --- [nio-8443-exec-1] org.quartz.core.QuartzScheduler          : Scheduler temp34_$_NON_CLUSTERED started.
2026-09-10 05:03:03.132 - INFO 1  [         gerege] --- [temp34_Worker-1] o.s.b.c.l.s.TaskExecutorJobLauncher      : Job: [SimpleJob: [name=LOAN_COB]] launched with the following parameters: [{'CUSTOM_JOB_PARAMETER_ID':'{value=8, type=class java.lang.Long, identifying=true}','run.id':'{value=6, type=class java.lang.Long, identifying=true}'}]
2026-09-10 05:03:03.134 - INFO 1  [         gerege] --- [temp34_Worker-1] o.s.batch.core.job.SimpleStepHandler     : Executing step: [Resolve custom job parameters - Step]
2026-09-10 05:03:03.135 - WARN 1  [         gerege] --- [temp34_Worker-1] o.a.f.c.c.CustomJobParameterResolver     : Optional custom job parameter 'IS_CATCH_UP' not found in custom parameter table.
2026-09-10 05:03:03.136 - INFO 1  [         gerege] --- [temp34_Worker-1] o.s.batch.core.step.AbstractStep         : Step: [Resolve custom job parameters - Step] executed in 1ms
2026-09-10 05:03:03.137 - INFO 1  [         gerege] --- [temp34_Worker-1] o.s.batch.core.job.SimpleStepHandler     : Executing step: [Loan COB partition - Step]
2026-09-10 05:03:03.145 - INFO 1  [         gerege] --- [temp34_Worker-1] o.a.f.cob.common.CommonPartitioner       : org.apache.fineract.cob.loan.LoanCOBPartitioner} found 1 loans to be processed as part of COB. 1 partitions were created using partition size 100. RetrieveLoanCOBPartitions was executed in 4 ms.
2026-09-10 05:03:03.155 - INFO 1  [         gerege] --- [   scheduling-3] o.a.f.c.tasklet.ApplyCommonLockTasklet   : Apply locks for [] by owner LOAN_COB_CHUNK_PROCESSING
2026-09-10 05:03:03.257 - INFO 1  [         gerege] --- [   scheduling-3] o.s.batch.core.step.AbstractStep         : Step: [loanCOBWorkerStep:partition_0] executed in 107ms
2026-09-10 05:03:03.655 - INFO 1  [         gerege] --- [temp34_Worker-1] o.s.batch.core.step.AbstractStep         : Step: [Loan COB partition - Step] executed in 517ms
2026-09-10 05:03:03.661 - INFO 1  [         gerege] --- [temp34_Worker-1] o.s.batch.core.job.SimpleStepHandler     : Executing step: [Stayed locked loan accounts - Step]
2026-09-10 05:03:03.666 - INFO 1  [         gerege] --- [temp34_Worker-1] o.s.batch.core.step.AbstractStep         : Step: [Stayed locked loan accounts - Step] executed in 4ms
2026-09-10 05:03:03.670 - INFO 1  [         gerege] --- [temp34_Worker-1] o.s.batch.core.job.SimpleStepHandler     : Executing step: [Unlock processed loan accounts - Step]
2026-09-10 05:03:03.675 - INFO 1  [         gerege] --- [temp34_Worker-1] o.s.batch.core.step.AbstractStep         : Step: [Unlock processed loan accounts - Step] executed in 4ms
2026-09-10 05:03:03.677 - INFO 1  [         gerege] --- [temp34_Worker-1] o.s.b.c.l.s.TaskExecutorJobLauncher      : Job: [SimpleJob: [name=LOAN_COB]] completed with the following parameters: [{'CUSTOM_JOB_PARAMETER_ID':'{value=8, type=class java.lang.Long, identifying=true}','run.id':'{value=6, type=class java.lang.Long, identifying=true}'}] and the following status: [COMPLETED] in 544ms
2026-09-10 05:03:03.681 - INFO 1  [      no-tenant] --- [       Thread-7] org.quartz.core.QuartzScheduler          : Scheduler temp34_$_NON_CLUSTERED shutting down.
2026-09-10 05:03:03.681 - INFO 1  [      no-tenant] --- [       Thread-7] org.quartz.core.QuartzScheduler          : Scheduler temp34_$_NON_CLUSTERED paused.
2026-09-10 05:03:03.681 - INFO 1  [      no-tenant] --- [       Thread-7] org.quartz.core.QuartzScheduler          : Scheduler temp34_$_NON_CLUSTERED shutdown complete.
