=== run start 2026-09-11T10:15:39Z ===
Picked up JAVA_TOOL_OPTIONS: -Dfineract.feign.debug=true -Dfineract.capture.log=/work/fineract-e2e-tests-runner/build/capture/feign-uc6-mnt.log
To honour the JVM settings for this build a single-use Daemon process will be forked. For more on this, please refer to https://docs.gradle.org/8.14.5/userguide/gradle_daemon.html#sec:disabling_the_daemon in the Gradle documentation.
Daemon will be stopped at the end of the build 
> Task :buildSrc:extractPluginRequests UP-TO-DATE
> Task :buildSrc:generatePluginAdapters UP-TO-DATE
> Task :buildSrc:compileJava UP-TO-DATE
> Task :buildSrc:compileGroovy UP-TO-DATE
> Task :buildSrc:compileGroovyPlugins UP-TO-DATE
> Task :buildSrc:pluginDescriptors UP-TO-DATE
> Task :buildSrc:processResources UP-TO-DATE
> Task :buildSrc:classes UP-TO-DATE
> Task :buildSrc:jar UP-TO-DATE

> Configure project :
matching ref: COMMIT - 426a23544e8426a38ae43ae404670a0a7e85b9eb
  ref configuration: COMMIT - pattern: null
    version: ${describe.tag.version.major}.${describe.tag.version.minor.next}.0-SNAPSHOT
    describeTagPattern: .*(\d+\.\d+\.\d+).*
    describeTagFirstParent: false

project version: 1.16.0-SNAPSHOT

> Task :fineract-avro-schemas:compileJava UP-TO-DATE
> Task :fineract-avro-schemas:processResources UP-TO-DATE
> Task :fineract-avro-schemas:classes
> Task :fineract-avro-schemas:jar UP-TO-DATE
> Task :fineract-client-feign:cleanupGeneratedJavaFiles UP-TO-DATE
> Task :fineract-client-feign:licenseFormatMain UP-TO-DATE
> Task :spotlessInternalRegisterDependencies UP-TO-DATE
> Task :fineract-client-feign:spotlessMisc UP-TO-DATE
> Task :fineract-client-feign:spotlessMiscApply UP-TO-DATE
> Task :fineract-client-feign:compileJava UP-TO-DATE
> Task :fineract-client-feign:processResources UP-TO-DATE
> Task :fineract-client-feign:classes UP-TO-DATE
> Task :fineract-client-feign:jar UP-TO-DATE
> Task :fineract-e2e-tests-core:compileJava NO-SOURCE
> Task :fineract-e2e-tests-core:processResources NO-SOURCE
> Task :fineract-e2e-tests-core:classes UP-TO-DATE
Picked up JAVA_TOOL_OPTIONS: -Dfineract.feign.debug=true -Dfineract.capture.log=/work/fineract-e2e-tests-runner/build/capture/feign-uc6-mnt.log

> Task :fineract-e2e-tests-core:compileTestJava
/work/fineract-e2e-tests-core/src/test/java/org/apache/fineract/test/stepdef/loan/LoanStepDef.java:2655: warning: [deprecation] retrieveTransactionsByLoanId(Long,Map<String,Object>,Map<String,String>) in LoanTransactionsApi has been deprecated
                .retrieveTransactionsByLoanId(loanId, Map.<String, Object>of("page", 0, "size", 200), Map.of()));
                ^
1 warning

> Task :fineract-e2e-tests-core:processTestResources UP-TO-DATE
> Task :fineract-e2e-tests-core:testClasses
> Task :fineract-e2e-tests-runner:compileJava NO-SOURCE
> Task :fineract-e2e-tests-runner:processResources NO-SOURCE
> Task :fineract-e2e-tests-runner:classes UP-TO-DATE
> Task :fineract-e2e-tests-runner:compileTestJava
> Task :fineract-e2e-tests-runner:processTestResources UP-TO-DATE
> Task :fineract-e2e-tests-runner:testClasses
Picked up JAVA_TOOL_OPTIONS: -Dfineract.feign.debug=true -Dfineract.capture.log=/work/fineract-e2e-tests-runner/build/capture/feign-uc6-mnt.log
10:16:25.926 [main] INFO  o.a.f.t.s.hook.InitializingHook - Setting up global defaults for Fineract
> Task :fineract-e2e-tests-runner:cucumber
Mockito is currently self-attaching to enable the inline-mock-maker. This will no longer work in future releases of the JDK. Please add Mockito as an agent to your build as described in Mockito's documentation: https://javadoc.io/doc/org.mockito/mockito-core/latest/org.mockito/org/mockito/Mockito.html#0.3

WARNING: A Java agent has been loaded dynamically (/gradle-home/caches/modules-2/files-2.1/net.bytebuddy/byte-buddy-agent/1.17.8/f09415827a71be7ed621c7bd02550678f28bc81c/byte-buddy-agent-1.17.8.jar)
WARNING: If a serviceability tool is in use, please run with -XX:+EnableDynamicAgentLoading to hide this warning
WARNING: If a serviceability tool is not in use, please run with -Djdk.instrument.traceUsage for more information
WARNING: Dynamic loading of agents will be disallowed by default in a future release
OpenJDK 64-Bit Server VM warning: Sharing is only supported for boot loader classes because bootstrap classpath has been appended

@LoanUpdateApprovedAmount @TestRailId:C3858
[1mScenario:[22m Verify update approved amount for progressive loan - UC1                                                                       [90m# fineract-e2e-tests-runner/src/test/resources/features/LoanUpdateApprovedAmount.feature:5[39m
  [32m✔[39m [32m[1mWhen [22mAdmin sets the business date to [1m"01 January 2025"[22m[39m                                                                               [90m# org.apache.fineract.test.stepdef.common.BusinessDateStepDef.setBusinessDate(java.lang.String)[39m
  [32m✔[39m [32m[1mWhen [22mAdmin creates a client with random data[39m                                                                                         [90m# org.apache.fineract.test.stepdef.common.ClientStepDef.createClientRandomFirstNameLastName()[39m
  [32m✔[39m [32m[1mWhen [22mAdmin creates a fully customized loan with the following data:[39m                                                                  [90m# org.apache.fineract.test.stepdef.loan.LoanStepDef.createFullyCustomizedLoan(io.cucumber.datatable.DataTable)[39m
      | LoanProduct                                                                                    | submitted on date | with Principal | ANNUAL interest rate % | interest type     | interest calculation period | amortization type  | loanTermFrequency | loanTermFrequencyType | repaymentEvery | repaymentFrequencyType | numberOfRepayments | graceOnPrincipalPayment | graceOnInterestPayment | interest free period | Payment strategy            |
      | LP2_ADV_PYMNT_INTEREST_DAILY_EMI_360_30_INTEREST_RECALCULATION_DAILY_TILL_PRECLOSE_PMT_ALLOC_1 | 01 January 2025   | 1000           | 7                      | DECLINING_BALANCE | DAILY                       | EQUAL_INSTALLMENTS | 6                 | MONTHS                | 1              | MONTHS                 | 6                  | 0                       | 0                      | 0                    | ADVANCED_PAYMENT_ALLOCATION |
  [32m✔[39m [32m[1mAnd [22mAdmin successfully approves the loan on [1m"01 January 2025"[22m with [1m"1000"[22m amount and expected disbursement date on [1m"01 January 2025"[22m[39m [90m# org.apache.fineract.test.stepdef.loan.LoanStepDef.approveLoan(java.lang.String,java.lang.String,java.lang.String)[39m
  [32m✔[39m [32m[1mThen [22mUpdate loan approved amount is forbidden with amount [1m"0"[22m due to min allowed amount[39m                                              [90m# org.apache.fineract.test.stepdef.loan.LoanStepDef.updateLoanApprovedAmountForbiddenMinAllowedAmount(java.lang.String)[39m
  [32m✔[39m [32m[1mWhen [22mAdmin successfully disburse the loan on [1m"01 January 2025"[22m with [1m"1000"[22m EUR transaction amount[39m                                    [90m# org.apache.fineract.test.stepdef.loan.LoanStepDef.disburseLoan(java.lang.String,java.lang.String)[39m
  [32m✔[39m [32m[1mWhen [22mLoan Pay-off is made on [1m"1 January 2025"[22m[39m                                                                                        [90m# org.apache.fineract.test.stepdef.loan.LoanRepaymentStepDef.makeLoanPayOff(java.lang.String)[39m
  [32m✔[39m [32m[1mThen [22mLoan is closed with zero outstanding balance and it's all installments have obligations met[39m                                     [90m# org.apache.fineract.test.stepdef.loan.LoanStepDef.loanClosedAndInstallmentsObligationsMet()[39m

@LoanUpdateApprovedAmount @TestRailId:C3859
[1mScenario:[22m Verify update approved amount after undo disbursement for single disb progressive loan - UC3                                 [90m# fineract-e2e-tests-runner/src/test/resources/features/LoanUpdateApprovedAmount.feature:19[39m
  [32m✔[39m [32m[1mWhen [22mAdmin sets the business date to [1m"1 January 2025"[22m[39m                                                                              [90m# org.apache.fineract.test.stepdef.common.BusinessDateStepDef.setBusinessDate(java.lang.String)[39m
  [32m✔[39m [32m[1mAnd [22mAdmin creates a client with random data[39m                                                                                        [90m# org.apache.fineract.test.stepdef.common.ClientStepDef.createClientRandomFirstNameLastName()[39m
  [32m✔[39m [32m[1mWhen [22mAdmin creates a fully customized loan with the following data:[39m                                                                [90m# org.apache.fineract.test.stepdef.loan.LoanStepDef.createFullyCustomizedLoan(io.cucumber.datatable.DataTable)[39m
      | LoanProduct                                                                        | submitted on date | with Principal | ANNUAL interest rate % | interest type     | interest calculation period | amortization type  | loanTermFrequency | loanTermFrequencyType | repaymentEvery | repaymentFrequencyType | numberOfRepayments | graceOnPrincipalPayment | graceOnInterestPayment | interest free period | Payment strategy            |
      | LP2_ADV_PYMNT_INTEREST_DAILY_EMI_360_30_INTEREST_RECALCULATION_DAILY_TILL_PRECLOSE | 01 January 2025   | 1000           | 7                      | DECLINING_BALANCE | DAILY                       | EQUAL_INSTALLMENTS | 6                 | MONTHS                | 1              | MONTHS                 | 6                  | 0                       | 0                      | 0                    | ADVANCED_PAYMENT_ALLOCATION |
  [32m✔[39m [32m[1mAnd [22mAdmin successfully approves the loan on [1m"1 January 2025"[22m with [1m"1000"[22m amount and expected disbursement date on [1m"1 January 2025"[22m[39m [90m# org.apache.fineract.test.stepdef.loan.LoanStepDef.approveLoan(java.lang.String,java.lang.String,java.lang.String)[39m
  [32m✔[39m [32m[1mAnd [22mAdmin successfully disburse the loan on [1m"1 January 2025"[22m with [1m"100"[22m EUR transaction amount[39m                                     [90m# org.apache.fineract.test.stepdef.loan.LoanStepDef.disburseLoan(java.lang.String,java.lang.String)[39m
  [32m✔[39m [32m[1mThen [22mUpdate loan approved amount with new amount [1m"600"[22m value[39m                                                                       [90m# org.apache.fineract.test.stepdef.loan.LoanStepDef.updateLoanApprovedAmount(java.lang.String)[39m
  [32m✔[39m [32m[1mWhen [22mAdmin successfully undo disbursal[39m                                                                                             [90m# org.apache.fineract.test.stepdef.loan.LoanStepDef.undoDisbursal()[39m
  [32m✔[39m [32m[1mThen [22mAdmin fails to disburse the loan on [1m"1 January 2025"[22m with [1m"700"[22m EUR transaction amount due to exceed approved amount[39m          [90m# org.apache.fineract.test.stepdef.loan.LoanStepDef.disbursementForbiddenExceedApprovedAmount(java.lang.String,java.lang.String)[39m
  [32m✔[39m [32m[1mWhen [22mAdmin successfully disburse the loan on [1m"01 January 2025"[22m with [1m"600"[22m EUR transaction amount[39m                                   [90m# org.apache.fineract.test.stepdef.loan.LoanStepDef.disburseLoan(java.lang.String,java.lang.String)[39m
  [32m✔[39m [32m[1mWhen [22mLoan Pay-off is made on [1m"1 January 2025"[22m[39m                                                                                      [90m# org.apache.fineract.test.stepdef.loan.LoanRepaymentStepDef.makeLoanPayOff(java.lang.String)[39m
  [32m✔[39m [32m[1mThen [22mLoan is closed with zero outstanding balance and it's all installments have obligations met[39m                                   [90m# org.apache.fineract.test.stepdef.loan.LoanStepDef.loanClosedAndInstallmentsObligationsMet()[39m

@LoanUpdateApprovedAmount @TestRailId:C3860
[1mScenario:[22m Verify update approved amount with approved over applied amount for progressive multidisbursal loan with percentage overAppliedCalculationType - UC4 [90m# fineract-e2e-tests-runner/src/test/resources/features/LoanUpdateApprovedAmount.feature:36[39m
  [32m✔[39m [32m[1mWhen [22mAdmin sets the business date to [1m"1 January 2025"[22m[39m                                                                                                      [90m# org.apache.fineract.test.stepdef.common.BusinessDateStepDef.setBusinessDate(java.lang.String)[39m
  [32m✔[39m [32m[1mAnd [22mAdmin creates a client with random data[39m                                                                                                                [90m# org.apache.fineract.test.stepdef.common.ClientStepDef.createClientRandomFirstNameLastName()[39m
  [32m✔[39m [32m[1mAnd [22mAdmin creates a fully customized loan with the following data:[39m                                                                                         [90m# org.apache.fineract.test.stepdef.loan.LoanStepDef.createFullyCustomizedLoan(io.cucumber.datatable.DataTable)[39m
      | LoanProduct                                                                                       | submitted on date | with Principal | ANNUAL interest rate % | interest type     | interest calculation period | amortization type  | loanTermFrequency | loanTermFrequencyType | repaymentEvery | repaymentFrequencyType | numberOfRepayments | graceOnPrincipalPayment | graceOnInterestPayment | interest free period | Payment strategy            |
      | LP2_ADV_PYMNT_INTEREST_DAILY_RECALC_EMI_360_30_MULTIDISB_APPROVED_OVER_APPLIED_CAPITALIZED_INCOME | 01 January 2025   | 1000           | 7                      | DECLINING_BALANCE | DAILY                       | EQUAL_INSTALLMENTS | 6                 | MONTHS                | 1              | MONTHS                 | 6                  | 0                       | 0                      | 0                    | ADVANCED_PAYMENT_ALLOCATION |
  [32m✔[39m [32m[1mAnd [22mAdmin successfully approves the loan on [1m"1 January 2025"[22m with [1m"1000"[22m amount and expected disbursement date on [1m"1 January 2025"[22m[39m                         [90m# org.apache.fineract.test.stepdef.loan.LoanStepDef.approveLoan(java.lang.String,java.lang.String,java.lang.String)[39m
  [32m✔[39m [32m[1mThen [22mLoan has availableDisbursementAmountWithOverApplied field with value: [1m1500[22m[39m                                                                            [90m# org.apache.fineract.test.stepdef.loan.LoanStepDef.checkLoanDetailsAvailableDisbursementAmountWithOverAppliedField(double)[39m
  [32m✔[39m [32m[1mAnd [22mAdmin successfully disburse the loan on [1m"1 January 2025"[22m with [1m"1100"[22m EUR transaction amount[39m                                                            [90m# org.apache.fineract.test.stepdef.loan.LoanStepDef.disburseLoan(java.lang.String,java.lang.String)[39m
  [32m✔[39m [32m[1mThen [22mLoan has availableDisbursementAmountWithOverApplied field with value: [1m400[22m[39m                                                                             [90m# org.apache.fineract.test.stepdef.loan.LoanStepDef.checkLoanDetailsAvailableDisbursementAmountWithOverAppliedField(double)[39m
  [32m✔[39m [32m[1mThen [22mUpdate loan approved amount is forbidden with amount [1m"1600"[22m due to exceed applied amount[39m                                                              [90m# org.apache.fineract.test.stepdef.loan.LoanStepDef.updateLoanApprovedAmountForbiddenExceedAppliedAmount(java.lang.String)[39m
  [32m✔[39m [32m[1mThen [22mUpdate loan approved amount with new amount [1m"1300"[22m value[39m                                                                                              [90m# org.apache.fineract.test.stepdef.loan.LoanStepDef.updateLoanApprovedAmount(java.lang.String)[39m
  [32m✔[39m [32m[1mThen [22mLoan has availableDisbursementAmountWithOverApplied field with value: [1m400[22m[39m                                                                             [90m# org.apache.fineract.test.stepdef.loan.LoanStepDef.checkLoanDetailsAvailableDisbursementAmountWithOverAppliedField(double)[39m
  [32m✔[39m [32m[1mAnd [22mAdmin successfully disburse the loan on [1m"1 January 2025"[22m with [1m"400"[22m EUR transaction amount[39m                                                             [90m# org.apache.fineract.test.stepdef.loan.LoanStepDef.disburseLoan(java.lang.String,java.lang.String)[39m
  [32m✔[39m [32m[1mWhen [22mLoan Pay-off is made on [1m"1 January 2025"[22m[39m                                                                                                              [90m# org.apache.fineract.test.stepdef.loan.LoanRepaymentStepDef.makeLoanPayOff(java.lang.String)[39m
  [32m✔[39m [32m[1mThen [22mLoan is closed with zero outstanding balance and it's all installments have obligations met[39m                                                           [90m# org.apache.fineract.test.stepdef.loan.LoanStepDef.loanClosedAndInstallmentsObligationsMet()[39m

@LoanUpdateApprovedAmount @TestRailId:C3861
[1mScenario:[22m Verify update approved amount with approved over applied amount and capitalized income for progressive loan with percentage overAppliedCalculationType - UC8_1 [90m# fineract-e2e-tests-runner/src/test/resources/features/LoanUpdateApprovedAmount.feature:55[39m
  [32m✔[39m [32m[1mWhen [22mAdmin sets the business date to [1m"1 January 2025"[22m[39m                                                                                                                [90m# org.apache.fineract.test.stepdef.common.BusinessDateStepDef.setBusinessDate(java.lang.String)[39m
  [32m✔[39m [32m[1mAnd [22mAdmin creates a client with random data[39m                                                                                                                          [90m# org.apache.fineract.test.stepdef.common.ClientStepDef.createClientRandomFirstNameLastName()[39m
  [32m✔[39m [32m[1mAnd [22mAdmin creates a fully customized loan with the following data:[39m                                                                                                   [90m# org.apache.fineract.test.stepdef.loan.LoanStepDef.createFullyCustomizedLoan(io.cucumber.datatable.DataTable)[39m
      | LoanProduct                                                                                        | submitted on date | with Principal | ANNUAL interest rate % | interest type     | interest calculation period | amortization type  | loanTermFrequency | loanTermFrequencyType | repaymentEvery | repaymentFrequencyType | numberOfRepayments | graceOnPrincipalPayment | graceOnInterestPayment | interest free period | Payment strategy            |
      | LP2_ADV_PYMNT_INTEREST_DAILY_RECALC_EMI_360_30_APPROVED_OVER_APPLIED_PERCENTAGE_CAPITALIZED_INCOME | 01 January 2025   | 1000           | 7                      | DECLINING_BALANCE | DAILY                       | EQUAL_INSTALLMENTS | 6                 | MONTHS                | 1              | MONTHS                 | 6                  | 0                       | 0                      | 0                    | ADVANCED_PAYMENT_ALLOCATION |
  [32m✔[39m [32m[1mAnd [22mAdmin successfully approves the loan on [1m"1 January 2025"[22m with [1m"1000"[22m amount and expected disbursement date on [1m"1 January 2025"[22m[39m                                   [90m# org.apache.fineract.test.stepdef.loan.LoanStepDef.approveLoan(java.lang.String,java.lang.String,java.lang.String)[39m
  [32m✔[39m [32m[1mThen [22mLoan has availableDisbursementAmountWithOverApplied field with value: [1m1500[22m[39m                                                                                      [90m# org.apache.fineract.test.stepdef.loan.LoanStepDef.checkLoanDetailsAvailableDisbursementAmountWithOverAppliedField(double)[39m
  [32m✔[39m [32m[1mAnd [22mAdmin successfully disburse the loan on [1m"1 January 2025"[22m with [1m"1100"[22m EUR transaction amount[39m                                                                      [90m# org.apache.fineract.test.stepdef.loan.LoanStepDef.disburseLoan(java.lang.String,java.lang.String)[39m
  [32m✔[39m [32m[1mThen [22mLoan has availableDisbursementAmountWithOverApplied field with value: [1m400[22m[39m                                                                                       [90m# org.apache.fineract.test.stepdef.loan.LoanStepDef.checkLoanDetailsAvailableDisbursementAmountWithOverAppliedField(double)[39m
  [32m✔[39m [32m[1mThen [22mUpdate loan approved amount is forbidden with amount [1m"1600"[22m due to exceed applied amount[39m                                                                        [90m# org.apache.fineract.test.stepdef.loan.LoanStepDef.updateLoanApprovedAmountForbiddenExceedAppliedAmount(java.lang.String)[39m
  [32m✔[39m [32m[1mThen [22mUpdate loan approved amount with new amount [1m"1400"[22m value[39m                                                                                                        [90m# org.apache.fineract.test.stepdef.loan.LoanStepDef.updateLoanApprovedAmount(java.lang.String)[39m
  [32m✔[39m [32m[1mThen [22mLoan has availableDisbursementAmountWithOverApplied field with value: [1m400[22m[39m                                                                                       [90m# org.apache.fineract.test.stepdef.loan.LoanStepDef.checkLoanDetailsAvailableDisbursementAmountWithOverAppliedField(double)[39m
  [32m✔[39m [32m[1mAnd [22mAdmin adds capitalized income with [1m"AUTOPAY"[22m payment type to the loan on [1m"1 January 2025"[22m with [1m"400"[22m EUR transaction amount[39m                                      [90m# org.apache.fineract.test.stepdef.loan.LoanStepDef.adminAddsCapitalizedIncomeToTheLoanOnWithEURTransactionAmount(java.lang.String,java.lang.String,java.lang.String)[39m
  [32m✔[39m [32m[1mWhen [22mLoan Pay-off is made on [1m"1 January 2025"[22m[39m                                                                                                                        [90m# org.apache.fineract.test.stepdef.loan.LoanRepaymentStepDef.makeLoanPayOff(java.lang.String)[39m
  [32m✔[39m [32m[1mThen [22mLoan is closed with zero outstanding balance and it's all installments have obligations met[39m                                                                     [90m# org.apache.fineract.test.stepdef.loan.LoanStepDef.loanClosedAndInstallmentsObligationsMet()[39m

@LoanUpdateApprovedAmount @TestRailId:C3862
[1mScenario:[22m Verify update approved amount with capitalized income for progressive loan - UC8_2                                          [90m# fineract-e2e-tests-runner/src/test/resources/features/LoanUpdateApprovedAmount.feature:75[39m
  [32m✔[39m [32m[1mWhen [22mAdmin sets the business date to [1m"1 January 2025"[22m[39m                                                                             [90m# org.apache.fineract.test.stepdef.common.BusinessDateStepDef.setBusinessDate(java.lang.String)[39m
  [32m✔[39m [32m[1mAnd [22mAdmin creates a client with random data[39m                                                                                       [90m# org.apache.fineract.test.stepdef.common.ClientStepDef.createClientRandomFirstNameLastName()[39m
  [32m✔[39m [32m[1mAnd [22mAdmin creates a fully customized loan with the following data:[39m                                                                [90m# org.apache.fineract.test.stepdef.loan.LoanStepDef.createFullyCustomizedLoan(io.cucumber.datatable.DataTable)[39m
      | LoanProduct                                                                      | submitted on date | with Principal | ANNUAL interest rate % | interest type     | interest calculation period | amortization type  | loanTermFrequency | loanTermFrequencyType | repaymentEvery | repaymentFrequencyType | numberOfRepayments | graceOnPrincipalPayment | graceOnInterestPayment | interest free period | Payment strategy            |
      | LP2_ADV_PYMNT_INTEREST_DAILY_EMI_360_30_INTEREST_RECALC_DAILY_CAPITALIZED_INCOME | 01 January 2025   | 1000           | 7                      | DECLINING_BALANCE | DAILY                       | EQUAL_INSTALLMENTS | 6                 | MONTHS                | 1              | MONTHS                 | 6                  | 0                       | 0                      | 0                    | ADVANCED_PAYMENT_ALLOCATION |
  [32m✔[39m [32m[1mAnd [22mAdmin successfully approves the loan on [1m"1 January 2025"[22m with [1m"900"[22m amount and expected disbursement date on [1m"1 January 2025"[22m[39m [90m# org.apache.fineract.test.stepdef.loan.LoanStepDef.approveLoan(java.lang.String,java.lang.String,java.lang.String)[39m
  [32m✔[39m [32m[1mAnd [22mAdmin successfully disburse the loan on [1m"1 January 2025"[22m with [1m"600"[22m EUR transaction amount[39m                                    [90m# org.apache.fineract.test.stepdef.loan.LoanStepDef.disburseLoan(java.lang.String,java.lang.String)[39m
  [32m✔[39m [32m[1mThen [22mUpdate loan approved amount is forbidden with amount [1m"500"[22m due to higher principal amount on loan[39m                            [90m# org.apache.fineract.test.stepdef.loan.LoanStepDef.updateLoanApprovedAmountForbiddenHigherPrincipalAmountOnLoan(java.lang.String)[39m
  [32m✔[39m [32m[1mAnd [22mAdmin adds capitalized income with [1m"AUTOPAY"[22m payment type to the loan on [1m"1 January 2025"[22m with [1m"200"[22m EUR transaction amount[39m   [90m# org.apache.fineract.test.stepdef.loan.LoanStepDef.adminAddsCapitalizedIncomeToTheLoanOnWithEURTransactionAmount(java.lang.String,java.lang.String,java.lang.String)[39m
  [32m✔[39m [32m[1mThen [22mUpdate loan approved amount with new amount [1m"1000"[22m value[39m                                                                     [90m# org.apache.fineract.test.stepdef.loan.LoanStepDef.updateLoanApprovedAmount(java.lang.String)[39m
  [32m✔[39m [32m[1mAnd [22mAdmin adds capitalized income with [1m"AUTOPAY"[22m payment type to the loan on [1m"1 January 2025"[22m with [1m"200"[22m EUR transaction amount[39m   [90m# org.apache.fineract.test.stepdef.loan.LoanStepDef.adminAddsCapitalizedIncomeToTheLoanOnWithEURTransactionAmount(java.lang.String,java.lang.String,java.lang.String)[39m
  [32m✔[39m [32m[1mWhen [22mLoan Pay-off is made on [1m"1 January 2025"[22m[39m                                                                                     [90m# org.apache.fineract.test.stepdef.loan.LoanRepaymentStepDef.makeLoanPayOff(java.lang.String)[39m
  [32m✔[39m [32m[1mThen [22mLoan is closed with zero outstanding balance and it's all installments have obligations met[39m                                  [90m# org.apache.fineract.test.stepdef.loan.LoanStepDef.loanClosedAndInstallmentsObligationsMet()[39m

@LoanUpdateApprovedAmount @TestRailId:C3863
[1mScenario:[22m Verify update approved amount with capitalized income for progressive multidisbursal loan - UC8_3                           [90m# fineract-e2e-tests-runner/src/test/resources/features/LoanUpdateApprovedAmount.feature:92[39m
  [32m✔[39m [32m[1mWhen [22mAdmin sets the business date to [1m"1 January 2025"[22m[39m                                                                             [90m# org.apache.fineract.test.stepdef.common.BusinessDateStepDef.setBusinessDate(java.lang.String)[39m
  [32m✔[39m [32m[1mAnd [22mAdmin creates a client with random data[39m                                                                                       [90m# org.apache.fineract.test.stepdef.common.ClientStepDef.createClientRandomFirstNameLastName()[39m
  [32m✔[39m [32m[1mAnd [22mAdmin creates a fully customized loan with the following data:[39m                                                                [90m# org.apache.fineract.test.stepdef.loan.LoanStepDef.createFullyCustomizedLoan(io.cucumber.datatable.DataTable)[39m
      | LoanProduct                                                                                  | submitted on date | with Principal | ANNUAL interest rate % | interest type     | interest calculation period | amortization type  | loanTermFrequency | loanTermFrequencyType | repaymentEvery | repaymentFrequencyType | numberOfRepayments | graceOnPrincipalPayment | graceOnInterestPayment | interest free period | Payment strategy            |
      | LP2_ADV_PYMNT_INTEREST_DAILY_RECALC_EMI_360_30_MULTIDISB_CAPITALIZED_INCOME_ADJ_CUSTOM_ALLOC | 01 January 2025   | 1000           | 7                      | DECLINING_BALANCE | DAILY                       | EQUAL_INSTALLMENTS | 6                 | MONTHS                | 1              | MONTHS                 | 6                  | 0                       | 0                      | 0                    | ADVANCED_PAYMENT_ALLOCATION |
  [32m✔[39m [32m[1mAnd [22mAdmin successfully approves the loan on [1m"1 January 2025"[22m with [1m"900"[22m amount and expected disbursement date on [1m"1 January 2025"[22m[39m [90m# org.apache.fineract.test.stepdef.loan.LoanStepDef.approveLoan(java.lang.String,java.lang.String,java.lang.String)[39m
  [32m✔[39m [32m[1mAnd [22mAdmin successfully disburse the loan on [1m"1 January 2025"[22m with [1m"600"[22m EUR transaction amount[39m                                    [90m# org.apache.fineract.test.stepdef.loan.LoanStepDef.disburseLoan(java.lang.String,java.lang.String)[39m
  [32m✔[39m [32m[1mThen [22mUpdate loan approved amount is forbidden with amount [1m"500"[22m due to higher principal amount on loan[39m                            [90m# org.apache.fineract.test.stepdef.loan.LoanStepDef.updateLoanApprovedAmountForbiddenHigherPrincipalAmountOnLoan(java.lang.String)[39m
  [32m✔[39m [32m[1mAnd [22mAdmin adds capitalized income with [1m"AUTOPAY"[22m payment type to the loan on [1m"1 January 2025"[22m with [1m"200"[22m EUR transaction amount[39m   [90m# org.apache.fineract.test.stepdef.loan.LoanStepDef.adminAddsCapitalizedIncomeToTheLoanOnWithEURTransactionAmount(java.lang.String,java.lang.String,java.lang.String)[39m
  [32m✔[39m [32m[1mThen [22mUpdate loan approved amount with new amount [1m"1000"[22m value[39m                                                                     [90m# org.apache.fineract.test.stepdef.loan.LoanStepDef.updateLoanApprovedAmount(java.lang.String)[39m
  [32m✔[39m [32m[1mAnd [22mAdmin successfully disburse the loan on [1m"1 January 2025"[22m with [1m"200"[22m EUR transaction amount[39m                                    [90m# org.apache.fineract.test.stepdef.loan.LoanStepDef.disburseLoan(java.lang.String,java.lang.String)[39m
  [32m✔[39m [32m[1mWhen [22mLoan Pay-off is made on [1m"1 January 2025"[22m[39m                                                                                     [90m# org.apache.fineract.test.stepdef.loan.LoanRepaymentStepDef.makeLoanPayOff(java.lang.String)[39m
  [32m✔[39m [32m[1mThen [22mLoan is closed with zero outstanding balance and it's all installments have obligations met[39m                                  [90m# org.apache.fineract.test.stepdef.loan.LoanStepDef.loanClosedAndInstallmentsObligationsMet()[39m

@LoanUpdateApprovedAmount @TestRailId:C3864
[1mScenario:[22m Verify update approved amount before disbursement for single disb cumulative loan - UC5_1                                    [90m# fineract-e2e-tests-runner/src/test/resources/features/LoanUpdateApprovedAmount.feature:109[39m
  [32m✔[39m [32m[1mWhen [22mAdmin sets the business date to [1m"1 January 2025"[22m[39m                                                                              [90m# org.apache.fineract.test.stepdef.common.BusinessDateStepDef.setBusinessDate(java.lang.String)[39m
  [32m✔[39m [32m[1mAnd [22mAdmin creates a client with random data[39m                                                                                        [90m# org.apache.fineract.test.stepdef.common.ClientStepDef.createClientRandomFirstNameLastName()[39m
  [32m✔[39m [32m[1mWhen [22mAdmin creates a fully customized loan with the following data:[39m                                                                [90m# org.apache.fineract.test.stepdef.loan.LoanStepDef.createFullyCustomizedLoan(io.cucumber.datatable.DataTable)[39m
      | LoanProduct       | submitted on date | with Principal | ANNUAL interest rate % | interest type     | interest calculation period | amortization type  | loanTermFrequency | loanTermFrequencyType | repaymentEvery | repaymentFrequencyType | numberOfRepayments | graceOnPrincipalPayment | graceOnInterestPayment | interest free period | Payment strategy                        |
      | LP1_INTEREST_FLAT | 1 January 2025    | 1000           | 0                      | DECLINING_BALANCE | SAME_AS_REPAYMENT_PERIOD    | EQUAL_INSTALLMENTS | 3                 | MONTHS                | 1              | MONTHS                 | 3                  | 0                       | 0                      | 0                    | PENALTIES_FEES_INTEREST_PRINCIPAL_ORDER |
  [32m✔[39m [32m[1mAnd [22mAdmin successfully approves the loan on [1m"1 January 2025"[22m with [1m"1000"[22m amount and expected disbursement date on [1m"1 January 2025"[22m[39m [90m# org.apache.fineract.test.stepdef.loan.LoanStepDef.approveLoan(java.lang.String,java.lang.String,java.lang.String)[39m
  [32m✔[39m [32m[1mThen [22mUpdate loan approved amount with new amount [1m"900"[22m value[39m                                                                       [90m# org.apache.fineract.test.stepdef.loan.LoanStepDef.updateLoanApprovedAmount(java.lang.String)[39m
  [32m✔[39m [32m[1mAnd [22mAdmin successfully disburse the loan on [1m"1 January 2025"[22m with [1m"100"[22m EUR transaction amount[39m                                     [90m# org.apache.fineract.test.stepdef.loan.LoanStepDef.disburseLoan(java.lang.String,java.lang.String)[39m
  [32m✔[39m [32m[1mWhen [22mLoan Pay-off is made on [1m"1 January 2025"[22m[39m                                                                                      [90m# org.apache.fineract.test.stepdef.loan.LoanRepaymentStepDef.makeLoanPayOff(java.lang.String)[39m
  [32m✔[39m [32m[1mThen [22mLoan is closed with zero outstanding balance and it's all installments have obligations met[39m                                   [90m# org.apache.fineract.test.stepdef.loan.LoanStepDef.loanClosedAndInstallmentsObligationsMet()[39m

@LoanUpdateApprovedAmount @TestRailId:C3865
[1mScenario:[22m Verify update approved amount before disbursement for single disb progressive loan - UC5_2                                   [90m# fineract-e2e-tests-runner/src/test/resources/features/LoanUpdateApprovedAmount.feature:123[39m
  [32m✔[39m [32m[1mWhen [22mAdmin sets the business date to [1m"1 January 2025"[22m[39m                                                                              [90m# org.apache.fineract.test.stepdef.common.BusinessDateStepDef.setBusinessDate(java.lang.String)[39m
  [32m✔[39m [32m[1mAnd [22mAdmin creates a client with random data[39m                                                                                        [90m# org.apache.fineract.test.stepdef.common.ClientStepDef.createClientRandomFirstNameLastName()[39m
  [32m✔[39m [32m[1mWhen [22mAdmin creates a fully customized loan with the following data:[39m                                                                [90m# org.apache.fineract.test.stepdef.loan.LoanStepDef.createFullyCustomizedLoan(io.cucumber.datatable.DataTable)[39m
      | LoanProduct                                                                        | submitted on date | with Principal | ANNUAL interest rate % | interest type     | interest calculation period | amortization type  | loanTermFrequency | loanTermFrequencyType | repaymentEvery | repaymentFrequencyType | numberOfRepayments | graceOnPrincipalPayment | graceOnInterestPayment | interest free period | Payment strategy            |
      | LP2_ADV_PYMNT_INTEREST_DAILY_EMI_360_30_INTEREST_RECALCULATION_DAILY_TILL_PRECLOSE | 01 January 2025   | 1000           | 7                      | DECLINING_BALANCE | DAILY                       | EQUAL_INSTALLMENTS | 6                 | MONTHS                | 1              | MONTHS                 | 6                  | 0                       | 0                      | 0                    | ADVANCED_PAYMENT_ALLOCATION |
  [32m✔[39m [32m[1mAnd [22mAdmin successfully approves the loan on [1m"1 January 2025"[22m with [1m"1000"[22m amount and expected disbursement date on [1m"1 January 2025"[22m[39m [90m# org.apache.fineract.test.stepdef.loan.LoanStepDef.approveLoan(java.lang.String,java.lang.String,java.lang.String)[39m
  [32m✔[39m [32m[1mThen [22mUpdate loan approved amount with new amount [1m"900"[22m value[39m                                                                       [90m# org.apache.fineract.test.stepdef.loan.LoanStepDef.updateLoanApprovedAmount(java.lang.String)[39m
  [32m✔[39m [32m[1mAnd [22mAdmin successfully disburse the loan on [1m"1 January 2025"[22m with [1m"100"[22m EUR transaction amount[39m                                     [90m# org.apache.fineract.test.stepdef.loan.LoanStepDef.disburseLoan(java.lang.String,java.lang.String)[39m
  [32m✔[39m [32m[1mWhen [22mLoan Pay-off is made on [1m"1 January 2025"[22m[39m                                                                                      [90m# org.apache.fineract.test.stepdef.loan.LoanRepaymentStepDef.makeLoanPayOff(java.lang.String)[39m
  [32m✔[39m [32m[1mThen [22mLoan is closed with zero outstanding balance and it's all installments have obligations met[39m                                   [90m# org.apache.fineract.test.stepdef.loan.LoanStepDef.loanClosedAndInstallmentsObligationsMet()[39m

@LoanUpdateApprovedAmount @TestRailId:C3866
[1mScenario:[22m Verify approved amount change for progressive multidisbursal loan that doesn't expect tranches - UC6                           [90m# fineract-e2e-tests-runner/src/test/resources/features/LoanUpdateApprovedAmount.feature:137[39m
  [32m✔[39m [32m[1mWhen [22mAdmin sets the business date to [1m"01 January 2025"[22m[39m                                                                               [90m# org.apache.fineract.test.stepdef.common.BusinessDateStepDef.setBusinessDate(java.lang.String)[39m
  [32m✔[39m [32m[1mWhen [22mAdmin creates a client with random data[39m                                                                                         [90m# org.apache.fineract.test.stepdef.common.ClientStepDef.createClientRandomFirstNameLastName()[39m
  [32m✔[39m [32m[1mWhen [22mAdmin creates a fully customized loan with the following data:[39m                                                                  [90m# org.apache.fineract.test.stepdef.loan.LoanStepDef.createFullyCustomizedLoan(io.cucumber.datatable.DataTable)[39m
      | LoanProduct                                                                 | submitted on date | with Principal | ANNUAL interest rate % | interest type     | interest calculation period | amortization type  | loanTermFrequency | loanTermFrequencyType | repaymentEvery | repaymentFrequencyType | numberOfRepayments | graceOnPrincipalPayment | graceOnInterestPayment | interest free period | Payment strategy            |
      | LP2_ADV_PYMNT_INTEREST_DAILY_EMI_360_30_INTEREST_RECALC_DAILY_MULTIDISBURSE | 01 January 2025   | 1000           | 7                      | DECLINING_BALANCE | DAILY                       | EQUAL_INSTALLMENTS | 6                 | MONTHS                | 1              | MONTHS                 | 6                  | 0                       | 0                      | 0                    | ADVANCED_PAYMENT_ALLOCATION |
  [32m✔[39m [32m[1mAnd [22mAdmin successfully approves the loan on [1m"01 January 2025"[22m with [1m"1000"[22m amount and expected disbursement date on [1m"01 January 2025"[22m[39m [90m# org.apache.fineract.test.stepdef.loan.LoanStepDef.approveLoan(java.lang.String,java.lang.String,java.lang.String)[39m
  [32m✔[39m [32m[1mWhen [22mAdmin successfully disburse the loan on [1m"01 January 2025"[22m with [1m"200"[22m EUR transaction amount[39m                                     [90m# org.apache.fineract.test.stepdef.loan.LoanStepDef.disburseLoan(java.lang.String,java.lang.String)[39m
  [32m✔[39m [32m[1mThen [22mLoan Repayment schedule has [1m6[22m periods, with the following data for periods:[39m                                                     [90m# org.apache.fineract.test.stepdef.loan.LoanStepDef.loanRepaymentSchedulePeriodsCheck(int,io.cucumber.datatable.DataTable)[39m
      | Nr | Days | Date             | Paid date | Balance of loan | Principal due | Interest | Fees | Penalties | Due   | Paid | In advance | Late | Outstanding |
      |    |      | 01 January 2025  |           | 200.0           |               |          | 0.0  |           | 0.0   | 0.0  |            |      |             |
      | 1  | 31   | 01 February 2025 |           | 167.15          | 32.85         | 1.17     | 0.0  | 0.0       | 34.02 | 0.0  | 0.0        | 0.0  | 34.02       |
      | 2  | 28   | 01 March 2025    |           | 134.11          | 33.04         | 0.98     | 0.0  | 0.0       | 34.02 | 0.0  | 0.0        | 0.0  | 34.02       |
      | 3  | 31   | 01 April 2025    |           | 100.87          | 33.24         | 0.78     | 0.0  | 0.0       | 34.02 | 0.0  | 0.0        | 0.0  | 34.02       |
      | 4  | 30   | 01 May 2025      |           | 67.44           | 33.43         | 0.59     | 0.0  | 0.0       | 34.02 | 0.0  | 0.0        | 0.0  | 34.02       |
      | 5  | 31   | 01 June 2025     |           | 33.81           | 33.63         | 0.39     | 0.0  | 0.0       | 34.02 | 0.0  | 0.0        | 0.0  | 34.02       |
      | 6  | 30   | 01 July 2025     |           | 0.0             | 33.81         | 0.2      | 0.0  | 0.0       | 34.01 | 0.0  | 0.0        | 0.0  | 34.01       |
  [32m✔[39m [32m[1mThen [22mLoan Repayment schedule has the following data in Total row:[39m                                                                    [90m# org.apache.fineract.test.stepdef.loan.LoanStepDef.loanRepaymentScheduleAmountCheck(io.cucumber.datatable.DataTable)[39m
      | Principal due | Interest | Fees | Penalties | Due    | Paid | In advance | Late | Outstanding |
      | 200.0         | 4.11     | 0.0  | 0.0       | 204.11 | 0.0  | 0.0        | 0.0  | 204.11      |
  [32m✔[39m [32m[1mThen [22mUpdate loan approved amount with new amount [1m"600"[22m value[39m                                                                         [90m# org.apache.fineract.test.stepdef.loan.LoanStepDef.updateLoanApprovedAmount(java.lang.String)[39m
  [32m✔[39m [32m[1mWhen [22mAdmin successfully disburse the loan on [1m"01 January 2025"[22m with [1m"400"[22m EUR transaction amount[39m                                     [90m# org.apache.fineract.test.stepdef.loan.LoanStepDef.disburseLoan(java.lang.String,java.lang.String)[39m
  [32m✔[39m [32m[1mThen [22mUpdate loan approved amount is forbidden with amount [1m"500"[22m due to higher principal amount on loan[39m                               [90m# org.apache.fineract.test.stepdef.loan.LoanStepDef.updateLoanApprovedAmountForbiddenHigherPrincipalAmountOnLoan(java.lang.String)[39m
  [32m✔[39m [32m[1mWhen [22mLoan Pay-off is made on [1m"1 January 2025"[22m[39m                                                                                        [90m# org.apache.fineract.test.stepdef.loan.LoanRepaymentStepDef.makeLoanPayOff(java.lang.String)[39m
  [32m✔[39m [32m[1mThen [22mLoan is closed with zero outstanding balance and it's all installments have obligations met[39m                                     [90m# org.apache.fineract.test.stepdef.loan.LoanStepDef.loanClosedAndInstallmentsObligationsMet()[39m

@LoanUpdateApprovedAmount @TestRailId:C3867
[1mScenario:[22m Verify approved amount change with lower value for progressive multidisbursal loan that expects two tranches - UC7_1           [90m# fineract-e2e-tests-runner/src/test/resources/features/LoanUpdateApprovedAmount.feature:165[39m
  [32m✔[39m [32m[1mWhen [22mAdmin sets the business date to [1m"01 January 2025"[22m[39m                                                                               [90m# org.apache.fineract.test.stepdef.common.BusinessDateStepDef.setBusinessDate(java.lang.String)[39m
  [32m✔[39m [32m[1mWhen [22mAdmin creates a client with random data[39m                                                                                         [90m# org.apache.fineract.test.stepdef.common.ClientStepDef.createClientRandomFirstNameLastName()[39m
  [32m✔[39m [32m[1mWhen [22mAdmin creates a fully customized loan with three expected disbursements details and following data:[39m                             [90m# org.apache.fineract.test.stepdef.loan.LoanStepDef.createFullyCustomizedLoanWithThreeDisbursementsDetails(io.cucumber.datatable.DataTable)[39m
      | LoanProduct                                                                                | submitted on date | with Principal | ANNUAL interest rate % | interest type     | interest calculation period | amortization type  | loanTermFrequency | loanTermFrequencyType | repaymentEvery | repaymentFrequencyType | numberOfRepayments | graceOnPrincipalPayment | graceOnInterestPayment | interest free period | Payment strategy            | 1st_tranche_disb_expected_date | 1st_tranche_disb_principal | 2nd_tranche_disb_expected_date | 2nd_tranche_disb_principal | 3rd_tranche_disb_expected_date | 3rd_tranche_disb_principal |
      | LP2_ADV_PYMNT_INTEREST_DAILY_EMI_360_30_INTEREST_RECALC_DAILY_MULTIDISBURSE_EXPECT_TRANCHE | 01 January 2025   | 1000           | 7                      | DECLINING_BALANCE | DAILY                       | EQUAL_INSTALLMENTS | 6                 | MONTHS                | 1              | MONTHS                 | 6                  | 0                       | 0                      | 0                    | ADVANCED_PAYMENT_ALLOCATION | 01 January 2025                | 300.0                      | 02 January 2025                | 200.0                      | 03 January 2025                | 500.0                      |
  [32m✔[39m [32m[1mAnd [22mAdmin successfully approves the loan on [1m"01 January 2025"[22m with [1m"1000"[22m amount and expected disbursement date on [1m"01 January 2025"[22m[39m [90m# org.apache.fineract.test.stepdef.loan.LoanStepDef.approveLoan(java.lang.String,java.lang.String,java.lang.String)[39m
  [32m✔[39m [32m[1mThen [22mLoan has availableDisbursementAmountWithOverApplied field with value: [1m0[22m[39m                                                         [90m# org.apache.fineract.test.stepdef.loan.LoanStepDef.checkLoanDetailsAvailableDisbursementAmountWithOverAppliedField(double)[39m
  [32m✔[39m [32m[1mThen [22mLoan Tranche Details tab has the following data:[39m                                                                                [90m# org.apache.fineract.test.stepdef.loan.LoanStepDef.loanTrancheDetailsTabCheck(io.cucumber.datatable.DataTable)[39m
      | Expected Disbursement On | Disbursed On | Principal | Net Disbursal Amount |
      | 01 January 2025          |              | 300.0     |                      |
      | 02 January 2025          |              | 200.0     |                      |
      | 03 January 2025          |              | 500.0     |                      |
  [32m✔[39m [32m[1mWhen [22mAdmin successfully disburse the loan on [1m"01 January 2025"[22m with [1m"300"[22m EUR transaction amount[39m                                     [90m# org.apache.fineract.test.stepdef.loan.LoanStepDef.disburseLoan(java.lang.String,java.lang.String)[39m
  [32m✔[39m [32m[1mThen [22mLoan has availableDisbursementAmountWithOverApplied field with value: [1m0[22m[39m                                                         [90m# org.apache.fineract.test.stepdef.loan.LoanStepDef.checkLoanDetailsAvailableDisbursementAmountWithOverAppliedField(double)[39m
  [32m✔[39m [32m[1mWhen [22mAdmin sets the business date to [1m"03 January 2025"[22m[39m                                                                               [90m# org.apache.fineract.test.stepdef.common.BusinessDateStepDef.setBusinessDate(java.lang.String)[39m
  [32m✔[39m [32m[1mThen [22mUpdate loan approved amount is forbidden with amount [1m"800"[22m due to higher principal amount on loan[39m                               [90m# org.apache.fineract.test.stepdef.loan.LoanStepDef.updateLoanApprovedAmountForbiddenHigherPrincipalAmountOnLoan(java.lang.String)[39m
  [32m✔[39m [32m[1mWhen [22mAdmin successfully disburse the loan on [1m"02 January 2025"[22m with [1m"200"[22m EUR transaction amount[39m                                     [90m# org.apache.fineract.test.stepdef.loan.LoanStepDef.disburseLoan(java.lang.String,java.lang.String)[39m
  [32m✔[39m [32m[1mThen [22mLoan has availableDisbursementAmountWithOverApplied field with value: [1m0[22m[39m                                                         [90m# org.apache.fineract.test.stepdef.loan.LoanStepDef.checkLoanDetailsAvailableDisbursementAmountWithOverAppliedField(double)[39m
  [32m✔[39m [32m[1mThen [22mAdmin fails to disburse the loan on [1m"03 January 2025"[22m with [1m"700"[22m EUR transaction amount due to exceed approved amount[39m           [90m# org.apache.fineract.test.stepdef.loan.LoanStepDef.disbursementForbiddenExceedApprovedAmount(java.lang.String,java.lang.String)[39m
  [32m✔[39m [32m[1mWhen [22mAdmin successfully disburse the loan on [1m"03 January 2025"[22m with [1m"500"[22m EUR transaction amount[39m                                     [90m# org.apache.fineract.test.stepdef.loan.LoanStepDef.disburseLoan(java.lang.String,java.lang.String)[39m
  [32m✔[39m [32m[1mThen [22mLoan has availableDisbursementAmountWithOverApplied field with value: [1m0[22m[39m                                                         [90m# org.apache.fineract.test.stepdef.loan.LoanStepDef.checkLoanDetailsAvailableDisbursementAmountWithOverAppliedField(double)[39m
  [32m✔[39m [32m[1mThen [22mLoan Tranche Details tab has the following data:[39m                                                                                [90m# org.apache.fineract.test.stepdef.loan.LoanStepDef.loanTrancheDetailsTabCheck(io.cucumber.datatable.DataTable)[39m
      | Expected Disbursement On | Disbursed On    | Principal | Net Disbursal Amount |
      | 01 January 2025          | 01 January 2025 | 300.0     |                      |
      | 02 January 2025          | 02 January 2025 | 200.0     |                      |
      | 03 January 2025          | 03 January 2025 | 500.0     |                      |
  [32m✔[39m [32m[1mAnd [22mLoan Transactions tab has the following data:[39m                                                                                    [90m# org.apache.fineract.test.stepdef.loan.LoanStepDef.loanTransactionsTabCheck(io.cucumber.datatable.DataTable)[39m
      | Transaction date | Transaction Type | Amount | Principal | Interest | Fees | Penalties | Loan Balance | Reverted | Replayed |
      | 01 January 2025  | Disbursement     | 300.0  | 0.0       | 0.0      | 0.0  | 0.0       | 300.0        | false    | false    |
      | 02 January 2025  | Disbursement     | 200.0  | 0.0       | 0.0      | 0.0  | 0.0       | 500.0        | false    | false    |
      | 03 January 2025  | Disbursement     | 500.0  | 0.0       | 0.0      | 0.0  | 0.0       | 1000.0       | false    | false    |
  [32m✔[39m [32m[1mWhen [22mLoan Pay-off is made on [1m"3 January 2025"[22m[39m                                                                                        [90m# org.apache.fineract.test.stepdef.loan.LoanRepaymentStepDef.makeLoanPayOff(java.lang.String)[39m
  [32m✔[39m [32m[1mThen [22mLoan is closed with zero outstanding balance and it's all installments have obligations met[39m                                     [90m# org.apache.fineract.test.stepdef.loan.LoanStepDef.loanClosedAndInstallmentsObligationsMet()[39m

@LoanUpdateApprovedAmount @TestRailId:C3868
[1mScenario:[22m Verify approved amount change with greater value for progressive multidisbursal loan that expects two tranches - UC7_2         [90m# fineract-e2e-tests-runner/src/test/resources/features/LoanUpdateApprovedAmount.feature:204[39m
  [32m✔[39m [32m[1mWhen [22mAdmin sets the business date to [1m"01 January 2025"[22m[39m                                                                               [90m# org.apache.fineract.test.stepdef.common.BusinessDateStepDef.setBusinessDate(java.lang.String)[39m
  [32m✔[39m [32m[1mWhen [22mAdmin creates a client with random data[39m                                                                                         [90m# org.apache.fineract.test.stepdef.common.ClientStepDef.createClientRandomFirstNameLastName()[39m
  [32m✔[39m [32m[1mWhen [22mAdmin creates a fully customized loan with three expected disbursements details and following data:[39m                             [90m# org.apache.fineract.test.stepdef.loan.LoanStepDef.createFullyCustomizedLoanWithThreeDisbursementsDetails(io.cucumber.datatable.DataTable)[39m
      | LoanProduct                                                                                | submitted on date | with Principal | ANNUAL interest rate % | interest type     | interest calculation period | amortization type  | loanTermFrequency | loanTermFrequencyType | repaymentEvery | repaymentFrequencyType | numberOfRepayments | graceOnPrincipalPayment | graceOnInterestPayment | interest free period | Payment strategy            | 1st_tranche_disb_expected_date | 1st_tranche_disb_principal | 2nd_tranche_disb_expected_date | 2nd_tranche_disb_principal | 3rd_tranche_disb_expected_date | 3rd_tranche_disb_principal |
      | LP2_ADV_PYMNT_INTEREST_DAILY_EMI_360_30_INTEREST_RECALC_DAILY_MULTIDISBURSE_EXPECT_TRANCHE | 01 January 2025   | 1200           | 7                      | DECLINING_BALANCE | DAILY                       | EQUAL_INSTALLMENTS | 6                 | MONTHS                | 1              | MONTHS                 | 6                  | 0                       | 0                      | 0                    | ADVANCED_PAYMENT_ALLOCATION | 01 January 2025                | 300.0                      | 02 January 2025                | 200.0                      | 03 January 2025                | 500.0                      |
  [32m✔[39m [32m[1mAnd [22mAdmin successfully approves the loan on [1m"01 January 2025"[22m with [1m"1000"[22m amount and expected disbursement date on [1m"01 January 2025"[22m[39m [90m# org.apache.fineract.test.stepdef.loan.LoanStepDef.approveLoan(java.lang.String,java.lang.String,java.lang.String)[39m
  [32m✔[39m [32m[1mThen [22mLoan has availableDisbursementAmountWithOverApplied field with value: [1m0[22m[39m                                                         [90m# org.apache.fineract.test.stepdef.loan.LoanStepDef.checkLoanDetailsAvailableDisbursementAmountWithOverAppliedField(double)[39m
  [32m✔[39m [32m[1mThen [22mLoan Tranche Details tab has the following data:[39m                                                                                [90m# org.apache.fineract.test.stepdef.loan.LoanStepDef.loanTrancheDetailsTabCheck(io.cucumber.datatable.DataTable)[39m
      | Expected Disbursement On | Disbursed On | Principal | Net Disbursal Amount |
      | 01 January 2025          |              | 300.0     |                      |
      | 02 January 2025          |              | 200.0     |                      |
      | 03 January 2025          |              | 500.0     |                      |
  [32m✔[39m [32m[1mWhen [22mAdmin successfully disburse the loan on [1m"01 January 2025"[22m with [1m"300"[22m EUR transaction amount[39m                                     [90m# org.apache.fineract.test.stepdef.loan.LoanStepDef.disburseLoan(java.lang.String,java.lang.String)[39m
  [32m✔[39m [32m[1mWhen [22mAdmin sets the business date to [1m"03 January 2025"[22m[39m                                                                               [90m# org.apache.fineract.test.stepdef.common.BusinessDateStepDef.setBusinessDate(java.lang.String)[39m
  [32m✔[39m [32m[1mThen [22mUpdate loan approved amount with new amount [1m"1200"[22m value[39m                                                                        [90m# org.apache.fineract.test.stepdef.loan.LoanStepDef.updateLoanApprovedAmount(java.lang.String)[39m
  [32m✔[39m [32m[1mThen [22mLoan has availableDisbursementAmountWithOverApplied field with value: [1m200[22m[39m                                                       [90m# org.apache.fineract.test.stepdef.loan.LoanStepDef.checkLoanDetailsAvailableDisbursementAmountWithOverAppliedField(double)[39m
  [32m✔[39m [32m[1mWhen [22mAdmin successfully disburse the loan on [1m"02 January 2025"[22m with [1m"300"[22m EUR transaction amount[39m                                     [90m# org.apache.fineract.test.stepdef.loan.LoanStepDef.disburseLoan(java.lang.String,java.lang.String)[39m
  [32m✔[39m [32m[1mThen [22mLoan has availableDisbursementAmountWithOverApplied field with value: [1m100[22m[39m                                                       [90m# org.apache.fineract.test.stepdef.loan.LoanStepDef.checkLoanDetailsAvailableDisbursementAmountWithOverAppliedField(double)[39m
  [32m✔[39m [32m[1mThen [22mAdmin fails to disburse the loan on [1m"03 January 2025"[22m with [1m"700"[22m EUR transaction amount due to exceed approved amount[39m           [90m# org.apache.fineract.test.stepdef.loan.LoanStepDef.disbursementForbiddenExceedApprovedAmount(java.lang.String,java.lang.String)[39m
  [32m✔[39m [32m[1mWhen [22mAdmin successfully disburse the loan on [1m"03 January 2025"[22m with [1m"600"[22m EUR transaction amount[39m                                     [90m# org.apache.fineract.test.stepdef.loan.LoanStepDef.disburseLoan(java.lang.String,java.lang.String)[39m
  [32m✔[39m [32m[1mThen [22mLoan has availableDisbursementAmountWithOverApplied field with value: [1m0[22m[39m                                                         [90m# org.apache.fineract.test.stepdef.loan.LoanStepDef.checkLoanDetailsAvailableDisbursementAmountWithOverAppliedField(double)[39m
  [32m✔[39m [32m[1mThen [22mLoan Tranche Details tab has the following data:[39m                                                                                [90m# org.apache.fineract.test.stepdef.loan.LoanStepDef.loanTrancheDetailsTabCheck(io.cucumber.datatable.DataTable)[39m
      | Expected Disbursement On | Disbursed On    | Principal | Net Disbursal Amount |
      | 01 January 2025          | 01 January 2025 | 300.0     |                      |
      | 02 January 2025          | 02 January 2025 | 300.0     |                      |
      | 03 January 2025          | 03 January 2025 | 600.0     |                      |
  [32m✔[39m [32m[1mAnd [22mLoan Transactions tab has the following data:[39m                                                                                    [90m# org.apache.fineract.test.stepdef.loan.LoanStepDef.loanTransactionsTabCheck(io.cucumber.datatable.DataTable)[39m
      | Transaction date | Transaction Type | Amount | Principal | Interest | Fees | Penalties | Loan Balance | Reverted | Replayed |
      | 01 January 2025  | Disbursement     | 300.0  | 0.0       | 0.0      | 0.0  | 0.0       | 300.0        | false    | false    |
      | 02 January 2025  | Disbursement     | 300.0  | 0.0       | 0.0      | 0.0  | 0.0       | 600.0        | false    | false    |
      | 03 January 2025  | Disbursement     | 600.0  | 0.0       | 0.0      | 0.0  | 0.0       | 1200.0       | false    | false    |
  [32m✔[39m [32m[1mWhen [22mLoan Pay-off is made on [1m"3 January 2025"[22m[39m                                                                                        [90m# org.apache.fineract.test.stepdef.loan.LoanRepaymentStepDef.makeLoanPayOff(java.lang.String)[39m
  [32m✔[39m [32m[1mThen [22mLoan is closed with zero outstanding balance and it's all installments have obligations met[39m                                     [90m# org.apache.fineract.test.stepdef.loan.LoanStepDef.loanClosedAndInstallmentsObligationsMet()[39m

11 scenarios ([32m11 passed[39m)
199 steps ([32m199 passed[39m)
0m 57.952s

[Incubating] Problems report is available at: file:///work/build/reports/problems/problems-report.html

Deprecated Gradle features were used in this build, making it incompatible with Gradle 9.0.

You can use '--warning-mode all' to show the individual deprecation warnings and determine if they come from your own scripts or plugins.

For more on this, please refer to https://docs.gradle.org/8.14.5/userguide/command_line_interface.html#sec:command_line_warnings in the Gradle documentation.

BUILD SUCCESSFUL in 1m 43s
24 actionable tasks: 3 executed, 21 up-to-date
=== run end 2026-09-11T10:17:23Z rc=0 ===
