loan 1    rc=0   http=200      8298 bytes  https://localhost:8444/fineract-provider/api/v1/journalentries?loanId=1&limit=-1
loan 2    rc=0   http=200     11063 bytes  https://localhost:8444/fineract-provider/api/v1/journalentries?loanId=2&limit=-1
loan 3    rc=0   http=200     12444 bytes  https://localhost:8444/fineract-provider/api/v1/journalentries?loanId=3&limit=-1
loan 4    rc=0   http=200      8319 bytes  https://localhost:8444/fineract-provider/api/v1/journalentries?loanId=4&limit=-1
loan 5    rc=0   http=200     11067 bytes  https://localhost:8444/fineract-provider/api/v1/journalentries?loanId=5&limit=-1
loan 6    rc=0   http=200     12444 bytes  https://localhost:8444/fineract-provider/api/v1/journalentries?loanId=6&limit=-1
loan 7    rc=0   http=200     10410 bytes  https://localhost:8444/fineract-provider/api/v1/journalentries?loanId=7&limit=-1
loan 8    rc=0   http=200     13170 bytes  https://localhost:8444/fineract-provider/api/v1/journalentries?loanId=8&limit=-1
loan 9    rc=0   http=200     14548 bytes  https://localhost:8444/fineract-provider/api/v1/journalentries?loanId=9&limit=-1
loan 10   rc=0   http=200     10432 bytes  https://localhost:8444/fineract-provider/api/v1/journalentries?loanId=10&limit=-1
loan 11   rc=0   http=200     13189 bytes  https://localhost:8444/fineract-provider/api/v1/journalentries?loanId=11&limit=-1
loan 12   rc=0   http=200     14569 bytes  https://localhost:8444/fineract-provider/api/v1/journalentries?loanId=12&limit=-1
loan 13   rc=0   http=200      4909 bytes  https://localhost:8444/fineract-provider/api/v1/journalentries?loanId=13&limit=-1
loan 14   rc=0   http=200      5611 bytes  https://localhost:8444/fineract-provider/api/v1/journalentries?loanId=14&limit=-1
loan 15   rc=0   http=200      9776 bytes  https://localhost:8444/fineract-provider/api/v1/journalentries?loanId=15&limit=-1
loan 16   rc=0   http=200     20196 bytes  https://localhost:8444/fineract-provider/api/v1/journalentries?loanId=16&limit=-1
loan 17   rc=0   http=200      1439 bytes  https://localhost:8444/fineract-provider/api/v1/journalentries?loanId=17&limit=-1
loan 18   rc=0   http=200      9735 bytes  https://localhost:8444/fineract-provider/api/v1/journalentries?loanId=18&limit=-1
loan 19   rc=0   http=200     29918 bytes  https://localhost:8444/fineract-provider/api/v1/journalentries?loanId=19&limit=-1
loan 20   rc=0   http=200     17362 bytes  https://localhost:8444/fineract-provider/api/v1/journalentries?loanId=20&limit=-1
loan 21   rc=0   http=200     28498 bytes  https://localhost:8444/fineract-provider/api/v1/journalentries?loanId=21&limit=-1
loan 22   rc=0   http=200     61805 bytes  https://localhost:8444/fineract-provider/api/v1/journalentries?loanId=22&limit=-1
loan 23   rc=0   http=200     48646 bytes  https://localhost:8444/fineract-provider/api/v1/journalentries?loanId=23&limit=-1
loan 24   rc=0   http=200     10447 bytes  https://localhost:8444/fineract-provider/api/v1/journalentries?loanId=24&limit=-1
loan 25   rc=0   http=200     18070 bytes  https://localhost:8444/fineract-provider/api/v1/journalentries?loanId=25&limit=-1
loan 26   rc=0   http=200     21038 bytes  https://localhost:8444/fineract-provider/api/v1/journalentries?loanId=26&limit=-1
loan 27   rc=0   http=200     26476 bytes  https://localhost:8444/fineract-provider/api/v1/journalentries?loanId=27&limit=-1
loan 28   rc=0   http=200     50164 bytes  https://localhost:8444/fineract-provider/api/v1/journalentries?loanId=28&limit=-1
loan 29   rc=0   http=200     11867 bytes  https://localhost:8444/fineract-provider/api/v1/journalentries?loanId=29&limit=-1
loan 30   rc=0   http=200     16761 bytes  https://localhost:8444/fineract-provider/api/v1/journalentries?loanId=30&limit=-1
loan 31   rc=0   http=200     14655 bytes  https://localhost:8444/fineract-provider/api/v1/journalentries?loanId=31&limit=-1
loan 32   rc=0   http=200     36829 bytes  https://localhost:8444/fineract-provider/api/v1/journalentries?loanId=32&limit=-1
loan 33   rc=0   http=200     45848 bytes  https://localhost:8444/fineract-provider/api/v1/journalentries?loanId=33&limit=-1
loan 34   rc=0   http=200     47251 bytes  https://localhost:8444/fineract-provider/api/v1/journalentries?loanId=34&limit=-1
loan 35   rc=0   http=200     47294 bytes  https://localhost:8444/fineract-provider/api/v1/journalentries?loanId=35&limit=-1
loan 36   rc=0   http=200      9144 bytes  https://localhost:8444/fineract-provider/api/v1/journalentries?loanId=36&limit=-1
loan 37   rc=0   http=200    118875 bytes  https://localhost:8444/fineract-provider/api/v1/journalentries?loanId=37&limit=-1
loan 38   rc=0   http=200      4222 bytes  https://localhost:8444/fineract-provider/api/v1/journalentries?loanId=38&limit=-1
loan 39   rc=0   http=200      9798 bytes  https://localhost:8444/fineract-provider/api/v1/journalentries?loanId=39&limit=-1
loan 40   rc=0   http=200     88290 bytes  https://localhost:8444/fineract-provider/api/v1/journalentries?loanId=40&limit=-1
loan 41   rc=0   http=200      4936 bytes  https://localhost:8444/fineract-provider/api/v1/journalentries?loanId=41&limit=-1
loan 42   rc=0   http=200      4936 bytes  https://localhost:8444/fineract-provider/api/v1/journalentries?loanId=42&limit=-1
loan 43   rc=0   http=200      4936 bytes  https://localhost:8444/fineract-provider/api/v1/journalentries?loanId=43&limit=-1
loan 44   rc=0   http=200      4936 bytes  https://localhost:8444/fineract-provider/api/v1/journalentries?loanId=44&limit=-1
loan 45   rc=0   http=200      3567 bytes  https://localhost:8444/fineract-provider/api/v1/journalentries?loanId=45&limit=-1
loan 46   rc=0   http=200    252945 bytes  https://localhost:8444/fineract-provider/api/v1/journalentries?loanId=46&limit=-1
loan 47   rc=0   http=200    267647 bytes  https://localhost:8444/fineract-provider/api/v1/journalentries?loanId=47&limit=-1
loan 48   rc=0   http=200    267237 bytes  https://localhost:8444/fineract-provider/api/v1/journalentries?loanId=48&limit=-1
loan 49   rc=0   http=200      7017 bytes  https://localhost:8444/fineract-provider/api/v1/journalentries?loanId=49&limit=-1
loan 50   rc=0   http=200      9836 bytes  https://localhost:8444/fineract-provider/api/v1/journalentries?loanId=50&limit=-1
sweep: 50 loans, 2563 legs; manifest /Users/buv/oh-gerege-tierd12/.softhouse/capture/tierd-feasibility/accrual-activity-p1-mnt/journalentries-sweep-manifest.json
