loan 1    rc=0   http=200      9811 bytes  https://localhost:8444/fineract-provider/api/v1/journalentries?loanId=1&limit=-1
loan 2    rc=0   http=200      9830 bytes  https://localhost:8444/fineract-provider/api/v1/journalentries?loanId=2&limit=-1
loan 3    rc=0   http=200      9834 bytes  https://localhost:8444/fineract-provider/api/v1/journalentries?loanId=3&limit=-1
loan 4    rc=0   http=200      6312 bytes  https://localhost:8444/fineract-provider/api/v1/journalentries?loanId=4&limit=-1
loan 5    rc=0   http=200     10528 bytes  https://localhost:8444/fineract-provider/api/v1/journalentries?loanId=5&limit=-1
loan 6    rc=0   http=200     10528 bytes  https://localhost:8444/fineract-provider/api/v1/journalentries?loanId=6&limit=-1
loan 7    rc=0   http=200     10528 bytes  https://localhost:8444/fineract-provider/api/v1/journalentries?loanId=7&limit=-1
loan 8    rc=0   http=200      4916 bytes  https://localhost:8444/fineract-provider/api/v1/journalentries?loanId=8&limit=-1
loan 9    rc=0   http=200      6330 bytes  https://localhost:8444/fineract-provider/api/v1/journalentries?loanId=9&limit=-1
loan 10   rc=0   http=200      4941 bytes  https://localhost:8444/fineract-provider/api/v1/journalentries?loanId=10&limit=-1
loan 11   rc=0   http=200      6339 bytes  https://localhost:8444/fineract-provider/api/v1/journalentries?loanId=11&limit=-1
loan 12   rc=0   http=200     11964 bytes  https://localhost:8444/fineract-provider/api/v1/journalentries?loanId=12&limit=-1
loan 13   rc=0   http=200     11964 bytes  https://localhost:8444/fineract-provider/api/v1/journalentries?loanId=13&limit=-1
loan 14   rc=0   http=200     11964 bytes  https://localhost:8444/fineract-provider/api/v1/journalentries?loanId=14&limit=-1
loan 15   rc=0   http=200     11964 bytes  https://localhost:8444/fineract-provider/api/v1/journalentries?loanId=15&limit=-1
loan 16   rc=0   http=200     11964 bytes  https://localhost:8444/fineract-provider/api/v1/journalentries?loanId=16&limit=-1
loan 17   rc=0   http=200     10562 bytes  https://localhost:8444/fineract-provider/api/v1/journalentries?loanId=17&limit=-1
loan 18   rc=0   http=200      7757 bytes  https://localhost:8444/fineract-provider/api/v1/journalentries?loanId=18&limit=-1
loan 19   rc=0   http=200      7757 bytes  https://localhost:8444/fineract-provider/api/v1/journalentries?loanId=19&limit=-1
loan 20   rc=0   http=200      7757 bytes  https://localhost:8444/fineract-provider/api/v1/journalentries?loanId=20&limit=-1
loan 21   rc=0   http=200      7757 bytes  https://localhost:8444/fineract-provider/api/v1/journalentries?loanId=21&limit=-1
loan 22   rc=0   http=200      7757 bytes  https://localhost:8444/fineract-provider/api/v1/journalentries?loanId=22&limit=-1
loan 23   rc=0   http=200     11204 bytes  https://localhost:8444/fineract-provider/api/v1/journalentries?loanId=23&limit=-1
loan 24   rc=0   http=200      8417 bytes  https://localhost:8444/fineract-provider/api/v1/journalentries?loanId=24&limit=-1
loan 25   rc=0   http=200      2842 bytes  https://localhost:8444/fineract-provider/api/v1/journalentries?loanId=25&limit=-1
loan 26   rc=0   http=200     25877 bytes  https://localhost:8444/fineract-provider/api/v1/journalentries?loanId=26&limit=-1
loan 27   rc=0   http=200     40512 bytes  https://localhost:8444/fineract-provider/api/v1/journalentries?loanId=27&limit=-1
loan 28   rc=0   http=200      9786 bytes  https://localhost:8444/fineract-provider/api/v1/journalentries?loanId=28&limit=-1
loan 29   rc=0   http=200        41 bytes  https://localhost:8444/fineract-provider/api/v1/journalentries?loanId=29&limit=-1
loan 30   rc=0   http=200      6299 bytes  https://localhost:8444/fineract-provider/api/v1/journalentries?loanId=30&limit=-1
loan 31   rc=0   http=200      6295 bytes  https://localhost:8444/fineract-provider/api/v1/journalentries?loanId=31&limit=-1
loan 32   rc=0   http=200      4912 bytes  https://localhost:8444/fineract-provider/api/v1/journalentries?loanId=32&limit=-1
loan 33   rc=0   http=200      6295 bytes  https://localhost:8444/fineract-provider/api/v1/journalentries?loanId=33&limit=-1
loan 34   rc=0   http=200      4912 bytes  https://localhost:8444/fineract-provider/api/v1/journalentries?loanId=34&limit=-1
loan 35   rc=0   http=200      6295 bytes  https://localhost:8444/fineract-provider/api/v1/journalentries?loanId=35&limit=-1
loan 36   rc=0   http=200      9063 bytes  https://localhost:8444/fineract-provider/api/v1/journalentries?loanId=36&limit=-1
loan 37   rc=0   http=200      4970 bytes  https://localhost:8444/fineract-provider/api/v1/journalentries?loanId=37&limit=-1
loan 38   rc=0   http=200      6382 bytes  https://localhost:8444/fineract-provider/api/v1/journalentries?loanId=38&limit=-1
loan 39   rc=0   http=200        41 bytes  https://localhost:8444/fineract-provider/api/v1/journalentries?loanId=39&limit=-1
loan 40   rc=0   http=200      9056 bytes  https://localhost:8444/fineract-provider/api/v1/journalentries?loanId=40&limit=-1
loan 41   rc=0   http=200      9113 bytes  https://localhost:8444/fineract-provider/api/v1/journalentries?loanId=41&limit=-1
loan 42   rc=0   http=200      4933 bytes  https://localhost:8444/fineract-provider/api/v1/journalentries?loanId=42&limit=-1
sweep: 42 loans, 536 legs; manifest /Users/buv/oh-gerege-tierd20/.softhouse/capture/tierd-feasibility/charges-progressive-mnt/journalentries-sweep-manifest.json
