loan 1    rc=0   http=200     22928 bytes  https://localhost:8444/fineract-provider/api/v1/journalentries?loanId=1&limit=-1
loan 2    rc=0   http=200    265678 bytes  https://localhost:8444/fineract-provider/api/v1/journalentries?loanId=2&limit=-1
loan 3    rc=0   http=200    221334 bytes  https://localhost:8444/fineract-provider/api/v1/journalentries?loanId=3&limit=-1
loan 4    rc=0   http=200    219980 bytes  https://localhost:8444/fineract-provider/api/v1/journalentries?loanId=4&limit=-1
loan 5    rc=0   http=200     10499 bytes  https://localhost:8444/fineract-provider/api/v1/journalentries?loanId=5&limit=-1
loan 6    rc=0   http=200     11892 bytes  https://localhost:8444/fineract-provider/api/v1/journalentries?loanId=6&limit=-1
loan 7    rc=0   http=200     11876 bytes  https://localhost:8444/fineract-provider/api/v1/journalentries?loanId=7&limit=-1
loan 8    rc=0   http=200     13269 bytes  https://localhost:8444/fineract-provider/api/v1/journalentries?loanId=8&limit=-1
loan 9    rc=0   http=200     14677 bytes  https://localhost:8444/fineract-provider/api/v1/journalentries?loanId=9&limit=-1
loan 10   rc=0   http=200     16095 bytes  https://localhost:8444/fineract-provider/api/v1/journalentries?loanId=10&limit=-1
loan 11   rc=0   http=200     18188 bytes  https://localhost:8444/fineract-provider/api/v1/journalentries?loanId=11&limit=-1
loan 12   rc=0   http=200     11909 bytes  https://localhost:8444/fineract-provider/api/v1/journalentries?loanId=12&limit=-1
loan 13   rc=0   http=200     14698 bytes  https://localhost:8444/fineract-provider/api/v1/journalentries?loanId=13&limit=-1
loan 14   rc=0   http=200     18872 bytes  https://localhost:8444/fineract-provider/api/v1/journalentries?loanId=14&limit=-1
loan 15   rc=0   http=200      6319 bytes  https://localhost:8444/fineract-provider/api/v1/journalentries?loanId=15&limit=-1
loan 16   rc=0   http=200      9123 bytes  https://localhost:8444/fineract-provider/api/v1/journalentries?loanId=16&limit=-1
loan 17   rc=0   http=200     20292 bytes  https://localhost:8444/fineract-provider/api/v1/journalentries?loanId=17&limit=-1
loan 18   rc=0   http=200      9121 bytes  https://localhost:8444/fineract-provider/api/v1/journalentries?loanId=18&limit=-1
loan 19   rc=0   http=200     11925 bytes  https://localhost:8444/fineract-provider/api/v1/journalentries?loanId=19&limit=-1
loan 20   rc=0   http=200     10522 bytes  https://localhost:8444/fineract-provider/api/v1/journalentries?loanId=20&limit=-1
loan 21   rc=0   http=200      9121 bytes  https://localhost:8444/fineract-provider/api/v1/journalentries?loanId=21&limit=-1
loan 22   rc=0   http=200      8435 bytes  https://localhost:8444/fineract-provider/api/v1/journalentries?loanId=22&limit=-1
loan 23   rc=0   http=200     13301 bytes  https://localhost:8444/fineract-provider/api/v1/journalentries?loanId=23&limit=-1
loan 24   rc=0   http=200     21664 bytes  https://localhost:8444/fineract-provider/api/v1/journalentries?loanId=24&limit=-1
loan 25   rc=0   http=200     30722 bytes  https://localhost:8444/fineract-provider/api/v1/journalentries?loanId=25&limit=-1
loan 26   rc=0   http=200     60684 bytes  https://localhost:8444/fineract-provider/api/v1/journalentries?loanId=26&limit=-1
loan 27   rc=0   http=200     53078 bytes  https://localhost:8444/fineract-provider/api/v1/journalentries?loanId=27&limit=-1
loan 28   rc=0   http=200      9115 bytes  https://localhost:8444/fineract-provider/api/v1/journalentries?loanId=28&limit=-1
loan 29   rc=0   http=200      9107 bytes  https://localhost:8444/fineract-provider/api/v1/journalentries?loanId=29&limit=-1
loan 30   rc=0   http=200     14670 bytes  https://localhost:8444/fineract-provider/api/v1/journalentries?loanId=30&limit=-1
loan 31   rc=0   http=200     16130 bytes  https://localhost:8444/fineract-provider/api/v1/journalentries?loanId=31&limit=-1
loan 32   rc=0   http=200     16138 bytes  https://localhost:8444/fineract-provider/api/v1/journalentries?loanId=32&limit=-1
loan 33   rc=0   http=200     16072 bytes  https://localhost:8444/fineract-provider/api/v1/journalentries?loanId=33&limit=-1
loan 34   rc=0   http=200     16072 bytes  https://localhost:8444/fineract-provider/api/v1/journalentries?loanId=34&limit=-1
sweep: 34 loans, 1769 legs; manifest /Users/buv/oh-gerege-tierd29/.softhouse/capture/tierd-feasibility/capitalized-income-p2-mnt/journalentries-sweep-manifest.json
