================================ arm RWB3CONTROL ================================
the deciding grep, as deployed in the graded tree:
    4060:        elif ! LC_ALL=C grep -qF -- "$base" <<<"$self_text"; then
the pinned needle for it is still present in the executable text? (assignment line)
    occurrences = 1
index around the collision:
    100644 df922c5b382abc0bb46b22a42b0e39252bbe28d4 0	.softhouse/guards/W.txt
    120000 c01873ae08b9b23a02bcb313e0904c19abee6271 0	.softhouse/guards/w.txt
    100755 e15ae45a13efeadb9c39331be9be5a77cd6ca037 0	.softhouse/guards/zz-t446-member.sh
clone warnings:
    warning: the following paths have collided (e.g. case-sensitive paths
    on a case-insensitive filesystem) and only one from the same
    colliding group is in the working tree:
    
      '.softhouse/guards/W.txt'
      '.softhouse/guards/w.txt'
git status --porcelain:
     T .softhouse/guards/W.txt
what a FILESYSTEM read of .softhouse/guards/W.txt returns in the graded tree:
    #!/usr/bin/env bash
    # zz-t446-member.sh -- a scratch checker planted by the T446 RWB3 arm
    # GUARDS-DIR-REGISTRATION: REACHED-BY .softhouse/guards/W.txt
    exit 0
EXIT = 2
probe line count (read BEFORE its value) = 0
probe value = ABSENT
VERDICT = (none)
conformance:   GUARDS-DIR-REGISTRATION: population=7 invoked=3 declared=2 reached-by=1 invoked-by-nothing=0 symlink-members=0
--- what the NEW watch reported ---
    155:conformance:   registration decisive lines: 7 present, 2 evaluated on an input
--- registration sentences ---
163:conformance:     REACHED-BY .softhouse/guards/ledgerguard/main.go — declared in its own header, reached by
164:conformance:                .softhouse/guards/check-ledger-invariants.sh (verified: it names main.go)
167:conformance: guard_guards_dir_registration: .softhouse/guards/zz-t446-member.sh declares REACHED-BY .softhouse/guards/W.txt,
168:conformance: and THAT REACHED-BY WITNESS DOES NOT NAME zz-t446-member.sh IN ITS COMMITTED
177:conformance: whole bar green, 'verified: it names …' printed over a file
204:conformance: guard_guards_dir_registration FAILED. A checker in the canonical guards
238:conformance:     COST 1s / ceiling 60s   guard_guards_dir_registration
================================ arm RWB3 ================================
the deciding grep, as deployed in the graded tree:
    4060:        elif ! LC_ALL=C grep -qF -- "$base" "$REPO_ROOT/$self_norm"; then
the pinned needle for it is still present in the executable text? (assignment line)
    occurrences = 1
index around the collision:
    100644 df922c5b382abc0bb46b22a42b0e39252bbe28d4 0	.softhouse/guards/W.txt
    120000 c01873ae08b9b23a02bcb313e0904c19abee6271 0	.softhouse/guards/w.txt
    100755 e15ae45a13efeadb9c39331be9be5a77cd6ca037 0	.softhouse/guards/zz-t446-member.sh
clone warnings:
    warning: the following paths have collided (e.g. case-sensitive paths
    on a case-insensitive filesystem) and only one from the same
    colliding group is in the working tree:
    
      '.softhouse/guards/W.txt'
      '.softhouse/guards/w.txt'
git status --porcelain:
     T .softhouse/guards/W.txt
what a FILESYSTEM read of .softhouse/guards/W.txt returns in the graded tree:
    #!/usr/bin/env bash
    # zz-t446-member.sh -- a scratch checker planted by the T446 RWB3 arm
    # GUARDS-DIR-REGISTRATION: REACHED-BY .softhouse/guards/W.txt
    exit 0
EXIT = 2
probe line count (read BEFORE its value) = 1
probe value = down
VERDICT: UNUSABLE (exit 2) — no trustworthy verdict is available. THIS IS NOT A PASS.
conformance:   GUARDS-DIR-REGISTRATION: population=7 invoked=3 declared=2 reached-by=2 invoked-by-nothing=0 symlink-members=0
--- what the NEW watch reported ---
    155:conformance:   registration decisive lines: 7 present, 2 evaluated on an input
--- registration sentences ---
163:conformance:     REACHED-BY .softhouse/guards/ledgerguard/main.go — declared in its own header, reached by
164:conformance:                .softhouse/guards/check-ledger-invariants.sh (verified: it names main.go)
167:conformance:     REACHED-BY .softhouse/guards/zz-t446-member.sh — declared in its own header, reached by
168:conformance:                .softhouse/guards/W.txt (verified: it names zz-t446-member.sh)
189:conformance:   guards-dir registration: PASS — every member of .softhouse/guards is invoked by this
223:conformance:     COST 1s / ceiling 60s   guard_guards_dir_registration
QUEUE5 COMPLETE
