=== run start 2026-09-11T10:56:10Z DBHOST=172.27.0.2 ===
Picked up JAVA_TOOL_OPTIONS: -Dfineract.feign.debug=true -Dfineract.capture.log=/work/fineract-e2e-tests-runner/build/capture/feign-uc10-eur.log
To honour the JVM settings for this build a single-use Daemon process will be forked. For more on this, please refer to https://docs.gradle.org/8.14.5/userguide/gradle_daemon.html#sec:disabling_the_daemon in the Gradle documentation.
Daemon will be stopped at the end of the build 
> Task :buildSrc:extractPluginRequests UP-TO-DATE
> Task :buildSrc:generatePluginAdapters UP-TO-DATE
> Task :buildSrc:compileJava UP-TO-DATE
> Task :buildSrc:compileGroovy UP-TO-DATE
> Task :buildSrc:compileGroovyPlugins UP-TO-DATE
> Task :buildSrc:pluginDescriptors UP-TO-DATE
> Task :buildSrc:processResources UP-TO-DATE
> Task :buildSrc:classes UP-TO-DATE
> Task :buildSrc:jar UP-TO-DATE

> Configure project :
matching ref: COMMIT - 426a23544e8426a38ae43ae404670a0a7e85b9eb
  ref configuration: COMMIT - pattern: null
    version: ${describe.tag.version.major}.${describe.tag.version.minor.next}.0-SNAPSHOT
    describeTagPattern: .*(\d+\.\d+\.\d+).*
    describeTagFirstParent: false

project version: 1.16.0-SNAPSHOT

> Task :fineract-avro-schemas:compileJava UP-TO-DATE
> Task :fineract-avro-schemas:processResources UP-TO-DATE
> Task :fineract-avro-schemas:classes
> Task :fineract-avro-schemas:jar UP-TO-DATE
> Task :fineract-client-feign:cleanupGeneratedJavaFiles UP-TO-DATE
> Task :fineract-client-feign:licenseFormatMain UP-TO-DATE
> Task :spotlessInternalRegisterDependencies UP-TO-DATE
> Task :fineract-client-feign:spotlessMisc UP-TO-DATE
> Task :fineract-client-feign:spotlessMiscApply UP-TO-DATE
> Task :fineract-client-feign:compileJava UP-TO-DATE
> Task :fineract-client-feign:processResources UP-TO-DATE
> Task :fineract-client-feign:classes UP-TO-DATE
> Task :fineract-client-feign:jar UP-TO-DATE
> Task :fineract-e2e-tests-core:compileJava NO-SOURCE
> Task :fineract-e2e-tests-core:processResources NO-SOURCE
> Task :fineract-e2e-tests-core:classes UP-TO-DATE

> Task :fineract-e2e-tests-core:compileTestJava
Picked up JAVA_TOOL_OPTIONS: -Dfineract.feign.debug=true -Dfineract.capture.log=/work/fineract-e2e-tests-runner/build/capture/feign-uc10-eur.log
/work/fineract-e2e-tests-core/src/test/java/org/apache/fineract/test/stepdef/loan/LoanStepDef.java:2655: warning: [deprecation] retrieveTransactionsByLoanId(Long,Map<String,Object>,Map<String,String>) in LoanTransactionsApi has been deprecated
                .retrieveTransactionsByLoanId(loanId, Map.<String, Object>of("page", 0, "size", 200), Map.of()));
                ^
1 warning

> Task :fineract-e2e-tests-core:processTestResources UP-TO-DATE
> Task :fineract-e2e-tests-core:testClasses
> Task :fineract-e2e-tests-runner:compileJava NO-SOURCE
> Task :fineract-e2e-tests-runner:processResources NO-SOURCE
> Task :fineract-e2e-tests-runner:classes UP-TO-DATE
> Task :fineract-e2e-tests-runner:compileTestJava
> Task :fineract-e2e-tests-runner:processTestResources UP-TO-DATE
> Task :fineract-e2e-tests-runner:testClasses
Picked up JAVA_TOOL_OPTIONS: -Dfineract.feign.debug=true -Dfineract.capture.log=/work/fineract-e2e-tests-runner/build/capture/feign-uc10-eur.log
10:56:26.814 [main] INFO  o.a.f.t.s.hook.InitializingHook - Setting up global defaults for Fineract
Mockito is currently self-attaching to enable the inline-mock-maker. This will no longer work in future releases of the JDK. Please add Mockito as an agent to your build as described in Mockito's documentation: https://javadoc.io/doc/org.mockito/mockito-core/latest/org.mockito/org/mockito/Mockito.html#0.3
WARNING: A Java agent has been loaded dynamically (/gradle-home/caches/modules-2/files-2.1/net.bytebuddy/byte-buddy-agent/1.17.8/f09415827a71be7ed621c7bd02550678f28bc81c/byte-buddy-agent-1.17.8.jar)
WARNING: If a serviceability tool is in use, please run with -XX:+EnableDynamicAgentLoading to hide this warning
WARNING: If a serviceability tool is not in use, please run with -Djdk.instrument.traceUsage for more information
WARNING: Dynamic loading of agents will be disallowed by default in a future release
OpenJDK 64-Bit Server VM warning: Sharing is only supported for boot loader classes because bootstrap classpath has been appended

@LoanRepaymentSchedule @TestRailId:C3910
[1mScenario:[22m Verify Loan repayment schedule for progressive loan, interest type: Declining balance, interest calculation period: same as repayment - UC10: complex transactions, interest recalculation enabled, partial period interest calculation enabled [90m# fineract-e2e-tests-runner/src/test/resources/features/LoanRepaymentSchedule.feature:824[39m
  [32m✔[39m [32m[1mWhen [22mAdmin sets the business date to [1m"01 January 2025"[22m[39m                                                                                                                                                                                                [90m# org.apache.fineract.test.stepdef.common.BusinessDateStepDef.setBusinessDate(java.lang.String)[39m
  [32m✔[39m [32m[1mAnd [22mAdmin creates a client with random data[39m                                                                                                                                                                                                           [90m# org.apache.fineract.test.stepdef.common.ClientStepDef.createClientRandomFirstNameLastName()[39m
  [32m✔[39m [32m[1mAnd [22mAdmin creates a fully customized loan with the following data:[39m                                                                                                                                                                                    [90m# org.apache.fineract.test.stepdef.loan.LoanStepDef.createFullyCustomizedLoan(io.cucumber.datatable.DataTable)[39m
      | LoanProduct                                                                               | submitted on date | with Principal | ANNUAL interest rate % | interest type     | interest calculation period | amortization type  | loanTermFrequency | loanTermFrequencyType | repaymentEvery | repaymentFrequencyType | numberOfRepayments | graceOnPrincipalPayment | graceOnInterestPayment | interest free period | Payment strategy            |
      | LP2_ADV_PYMNT_INTEREST_DECL_BAL_SARP_EMI_360_30_INT_RECALC_DAILY_MULTIDISB_PARTIAL_PERIOD | 01 January 2025   | 2000           | 12                     | DECLINING_BALANCE | SAME_AS_REPAYMENT_PERIOD    | EQUAL_INSTALLMENTS | 3                 | MONTHS                | 1              | MONTHS                 | 3                  | 0                       | 0                      | 0                    | ADVANCED_PAYMENT_ALLOCATION |
  [32m✔[39m [32m[1mAnd [22mAdmin successfully approves the loan on [1m"01 January 2025"[22m with [1m"2000"[22m amount and expected disbursement date on [1m"01 January 2025"[22m[39m                                                                                                                  [90m# org.apache.fineract.test.stepdef.loan.LoanStepDef.approveLoan(java.lang.String,java.lang.String,java.lang.String)[39m
  [32m✔[39m [32m[1mAnd [22mAdmin successfully disburse the loan on [1m"01 January 2025"[22m with [1m"1000"[22m EUR transaction amount[39m                                                                                                                                                      [90m# org.apache.fineract.test.stepdef.loan.LoanStepDef.disburseLoan(java.lang.String,java.lang.String)[39m
  [32m✔[39m [32m[1mAnd [22mAdmin runs inline COB job for Loan[39m                                                                                                                                                                                                                [90m# org.apache.fineract.test.stepdef.loan.InlineCOBStepDef.runInlineCOB()[39m
  [32m✔[39m [32m[1mWhen [22mAdmin sets the business date to [1m"01 February 2025"[22m[39m                                                                                                                                                                                               [90m# org.apache.fineract.test.stepdef.common.BusinessDateStepDef.setBusinessDate(java.lang.String)[39m
  [32m✔[39m [32m[1mAnd [22mAdmin runs inline COB job for Loan[39m                                                                                                                                                                                                                [90m# org.apache.fineract.test.stepdef.loan.InlineCOBStepDef.runInlineCOB()[39m
  [32m✔[39m [32m[1mWhen [22mAdmin sets the business date to [1m"15 February 2025"[22m[39m                                                                                                                                                                                               [90m# org.apache.fineract.test.stepdef.common.BusinessDateStepDef.setBusinessDate(java.lang.String)[39m
  [32m✔[39m [32m[1mAnd [22mAdmin runs inline COB job for Loan[39m                                                                                                                                                                                                                [90m# org.apache.fineract.test.stepdef.loan.InlineCOBStepDef.runInlineCOB()[39m
  [32m✔[39m [32m[1mAnd [22mAdmin successfully disburse the loan on [1m"15 February 2025"[22m with [1m"200"[22m EUR transaction amount[39m                                                                                                                                                      [90m# org.apache.fineract.test.stepdef.loan.LoanStepDef.disburseLoan(java.lang.String,java.lang.String)[39m
  [32m✔[39m [32m[1mWhen [22mCustomer makes [1m"AUTOPAY"[22m repayment on [1m"15 January 2025"[22m with [1m340.02[22m EUR transaction amount[39m                                                                                                                                                       [90m# org.apache.fineract.test.stepdef.loan.LoanRepaymentStepDef.makeLoanRepayment(java.lang.String,java.lang.String,double)[39m
  [31m✘[39m [31m[1mThen [22mLoan Repayment schedule has [1m3[22m periods, with the following data for periods:[39m                                                                                                                                                                      [90m# org.apache.fineract.test.stepdef.loan.LoanStepDef.loanRepaymentSchedulePeriodsCheck(int,io.cucumber.datatable.DataTable)[39m
      | Nr | Days | Date             | Paid date       | Balance of loan | Principal due | Interest | Fees | Penalties | Due    | Paid   | In advance | Late | Outstanding |
      |    |      | 01 January 2025  |                 | 1000.0          |               |          | 0.0  |           | 0.0    | 0.0    |            |      |             |
      | 1  | 31   | 01 February 2025 | 15 January 2025 | 664.5           | 335.5         | 4.52     | 0.0  | 0.0       | 340.02 | 340.02 | 340.02     | 0.0  | 0.0         |
      |    |      | 15 February 2025 |                 | 200.0           |               |          | 0.0  |           | 0.0    | 0.0    |            |      |             |
      | 2  | 28   | 01 March 2025    |                 | 434.76          | 429.74        | 11.28    | 0.0  | 0.0       | 441.02 | 0.0    | 0.0        | 0.0  | 441.02      |
      | 3  | 31   | 01 April 2025    |                 | 0.0             | 434.76        | 4.35     | 0.0  | 0.0       | 439.11 | 0.0    | 0.0        | 0.0  | 439.11      |
        [31morg.opentest4j.AssertionFailedError: [[39m
        [31mWrong value in Repayment schedule of resource 1 tab line 4.[39m
        [31mActual values in line (with the same due date) are: [39m
        [31m[2, 28, 01 March 2025, null, 434.77, 429.73, 11.29, 0.0, 0.0, 441.02, 0.0, 0.0, 0.0, 441.02] - [39m
        [31mBut expected values in line: [39m
        [31m[2, 28, 01 March 2025, null, 434.76, 429.74, 11.28, 0.0, 0.0, 441.02, 0.0, 0.0, 0.0, 441.02]] [39m
        [31mExpecting value to be true but was false[39m
        [31m	at org.apache.fineract.test.stepdef.loan.LoanStepDef.loanRepaymentSchedulePeriodsCheck(LoanStepDef.java:2312)[39m
        [31m	at ✽.Loan Repayment schedule has 3 periods, with the following data for periods:(file:///work/fineract-e2e-tests-runner/src/test/resources/features/LoanRepaymentSchedule.feature:841)[39m
  [36m↷[39m [36m[1mAnd [22mLoan Repayment schedule has the following data in Total row:[39m                                                                                                                                                                                      [90m# org.apache.fineract.test.stepdef.loan.LoanStepDef.loanRepaymentScheduleAmountCheck(io.cucumber.datatable.DataTable)[39m
      | Principal due | Interest | Fees | Penalties | Due     | Paid   | In advance | Late | Outstanding |
      | 1200.0        | 20.15    | 0.0  | 0.0       | 1220.15 | 340.02 | 340.02     | 0.0  | 880.13      |
  [36m↷[39m [36m[1mWhen [22mAdmin sets the business date to [1m"15 March 2025"[22m[39m                                                                                                                                                                                                  [90m# org.apache.fineract.test.stepdef.common.BusinessDateStepDef.setBusinessDate(java.lang.String)[39m
  [36m↷[39m [36m[1mAnd [22mAdmin runs inline COB job for Loan[39m                                                                                                                                                                                                                [90m# org.apache.fineract.test.stepdef.loan.InlineCOBStepDef.runInlineCOB()[39m
  [36m↷[39m [36m[1mAnd [22mCustomer makes [1m"AUTOPAY"[22m repayment on [1m"15 March 2025"[22m with [1m441.02[22m EUR transaction amount[39m                                                                                                                                                          [90m# org.apache.fineract.test.stepdef.loan.LoanRepaymentStepDef.makeLoanRepayment(java.lang.String,java.lang.String,double)[39m
  [36m↷[39m [36m[1mThen [22mLoan Repayment schedule has [1m3[22m periods, with the following data for periods:[39m                                                                                                                                                                      [90m# org.apache.fineract.test.stepdef.loan.LoanStepDef.loanRepaymentSchedulePeriodsCheck(int,io.cucumber.datatable.DataTable)[39m
      | Nr | Days | Date             | Paid date       | Balance of loan | Principal due | Interest | Fees | Penalties | Due    | Paid   | In advance | Late   | Outstanding |
      |    |      | 01 January 2025  |                 | 1000.0          |               |          | 0.0  |           | 0.0    | 0.0    |            |        |             |
      | 1  | 31   | 01 February 2025 | 15 January 2025 | 664.5           | 335.5         | 4.52     | 0.0  | 0.0       | 340.02 | 340.02 | 340.02     | 0.0    | 0.0         |
      |    |      | 15 February 2025 |                 | 200.0           |               |          | 0.0  |           | 0.0    | 0.0    |            |        |             |
      | 2  | 28   | 01 March 2025    | 15 March 2025   | 434.76          | 429.74        | 11.28    | 0.0  | 0.0       | 441.02 | 441.02 | 0.0        | 441.02 | 0.0         |
      | 3  | 31   | 01 April 2025    |                 | 0.0             | 434.76        | 6.29     | 0.0  | 0.0       | 441.05 | 0.0    | 0.0        | 0.0    | 441.05      |
  [36m↷[39m [36m[1mAnd [22mLoan Repayment schedule has the following data in Total row:[39m                                                                                                                                                                                      [90m# org.apache.fineract.test.stepdef.loan.LoanStepDef.loanRepaymentScheduleAmountCheck(io.cucumber.datatable.DataTable)[39m
      | Principal due | Interest | Fees | Penalties | Due     | Paid   | In advance | Late   | Outstanding |
      | 1200.0        | 22.09    | 0.0  | 0.0       | 1222.09 | 781.04 | 340.02     | 441.02 | 441.05      |
  [36m↷[39m [36m[1mWhen [22mAdmin sets the business date to [1m"16 March 2025"[22m[39m                                                                                                                                                                                                  [90m# org.apache.fineract.test.stepdef.common.BusinessDateStepDef.setBusinessDate(java.lang.String)[39m
  [36m↷[39m [36m[1mAnd [22mAdmin runs inline COB job for Loan[39m                                                                                                                                                                                                                [90m# org.apache.fineract.test.stepdef.loan.InlineCOBStepDef.runInlineCOB()[39m
  [36m↷[39m [36m[1mAnd [22mCustomer makes [1m"MERCHANT_ISSUED_REFUND"[22m transaction with [1m"AUTOPAY"[22m payment type on [1m"16 March 2025"[22m with [1m250[22m EUR transaction amount and system-generated Idempotency key[39m                                                                           [90m# org.apache.fineract.test.stepdef.loan.LoanStepDef.createTransactionWithAutoIdempotencyKey(java.lang.String,java.lang.String,java.lang.String,double)[39m
  [36m↷[39m [36m[1mThen [22mLoan Repayment schedule has [1m3[22m periods, with the following data for periods:[39m                                                                                                                                                                      [90m# org.apache.fineract.test.stepdef.loan.LoanStepDef.loanRepaymentSchedulePeriodsCheck(int,io.cucumber.datatable.DataTable)[39m
      | Nr | Days | Date             | Paid date       | Balance of loan | Principal due | Interest | Fees | Penalties | Due    | Paid   | In advance | Late   | Outstanding |
      |    |      | 01 January 2025  |                 | 1000.0          |               |          | 0.0  |           | 0.0    | 0.0    |            |        |             |
      | 1  | 31   | 01 February 2025 | 15 January 2025 | 664.5           | 335.5         | 4.52     | 0.0  | 0.0       | 340.02 | 340.02 | 340.02     | 0.0    | 0.0         |
      |    |      | 15 February 2025 |                 | 200.0           |               |          | 0.0  |           | 0.0    | 0.0    |            |        |             |
      | 2  | 28   | 01 March 2025    | 15 March 2025   | 434.76          | 429.74        | 11.28    | 0.0  | 0.0       | 441.02 | 441.02 | 0.0        | 441.02 | 0.0         |
      | 3  | 31   | 01 April 2025    |                 | 0.0             | 434.76        | 5.0      | 0.0  | 0.0       | 439.76 | 250.0  | 250.0      | 0.0    | 189.76      |
  [36m↷[39m [36m[1mAnd [22mLoan Repayment schedule has the following data in Total row:[39m                                                                                                                                                                                      [90m# org.apache.fineract.test.stepdef.loan.LoanStepDef.loanRepaymentScheduleAmountCheck(io.cucumber.datatable.DataTable)[39m
      | Principal due | Interest | Fees | Penalties | Due    | Paid    | In advance | Late   | Outstanding |
      | 1200.0        | 20.8     | 0.0  | 0.0       | 1220.8 | 1031.04 | 590.02     | 441.02 | 189.76      |
  [36m↷[39m [36m[1mWhen [22mAdmin sets the business date to [1m"17 March 2025"[22m[39m                                                                                                                                                                                                  [90m# org.apache.fineract.test.stepdef.common.BusinessDateStepDef.setBusinessDate(java.lang.String)[39m
  [36m↷[39m [36m[1mAnd [22mAdmin runs inline COB job for Loan[39m                                                                                                                                                                                                                [90m# org.apache.fineract.test.stepdef.loan.InlineCOBStepDef.runInlineCOB()[39m
  [36m↷[39m [36m[1mAnd [22mAdmin makes [1m"REPAYMENT_ADJUSTMENT_CHARGEBACK"[22m chargeback with [1m250[22m EUR transaction amount[39m                                                                                                                                                          [90m# org.apache.fineract.test.stepdef.loan.LoanChargeBackStepDef.makeLoanChargeback(java.lang.String,double)[39m
  [36m↷[39m [36m[1mThen [22mLoan Repayment schedule has [1m3[22m periods, with the following data for periods:[39m                                                                                                                                                                      [90m# org.apache.fineract.test.stepdef.loan.LoanStepDef.loanRepaymentSchedulePeriodsCheck(int,io.cucumber.datatable.DataTable)[39m
      | Nr | Days | Date             | Paid date       | Balance of loan | Principal due | Interest | Fees | Penalties | Due    | Paid   | In advance | Late   | Outstanding |
      |    |      | 01 January 2025  |                 | 1000.0          |               |          | 0.0  |           | 0.0    | 0.0    |            |        |             |
      | 1  | 31   | 01 February 2025 | 15 January 2025 | 664.5           | 335.5         | 4.52     | 0.0  | 0.0       | 340.02 | 340.02 | 340.02     | 0.0    | 0.0         |
      |    |      | 15 February 2025 |                 | 200.0           |               |          | 0.0  |           | 0.0    | 0.0    |            |        |             |
      | 2  | 28   | 01 March 2025    | 15 March 2025   | 434.76          | 429.74        | 11.28    | 0.0  | 0.0       | 441.02 | 441.02 | 0.0        | 441.02 | 0.0         |
      | 3  | 31   | 01 April 2025    |                 | 0.0             | 684.76        | 6.21     | 0.0  | 0.0       | 690.97 | 250.0  | 250.0      | 0.0    | 440.97      |
  [36m↷[39m [36m[1mAnd [22mLoan Repayment schedule has the following data in Total row:[39m                                                                                                                                                                                      [90m# org.apache.fineract.test.stepdef.loan.LoanStepDef.loanRepaymentScheduleAmountCheck(io.cucumber.datatable.DataTable)[39m
      | Principal due | Interest | Fees | Penalties | Due     | Paid    | In advance | Late   | Outstanding |
      | 1450.0        | 22.01    | 0.0  | 0.0       | 1472.01 | 1031.04 | 590.02     | 441.02 | 440.97      |
  [36m↷[39m [36m[1mWhen [22mAdmin sets the business date to [1m"18 March 2025"[22m[39m                                                                                                                                                                                                  [90m# org.apache.fineract.test.stepdef.common.BusinessDateStepDef.setBusinessDate(java.lang.String)[39m
  [36m↷[39m [36m[1mAnd [22mAdmin runs inline COB job for Loan[39m                                                                                                                                                                                                                [90m# org.apache.fineract.test.stepdef.loan.InlineCOBStepDef.runInlineCOB()[39m
  [36m↷[39m [36m[1mAnd [22mCustomer makes [1m"AUTOPAY"[22m repayment on [1m"18 March 2025"[22m with [1m439[22m EUR transaction amount[39m                                                                                                                                                             [90m# org.apache.fineract.test.stepdef.loan.LoanRepaymentStepDef.makeLoanRepayment(java.lang.String,java.lang.String,double)[39m
  [36m↷[39m [36m[1mThen [22mLoan status will be [1m"CLOSED_OBLIGATIONS_MET"[22m[39m                                                                                                                                                                                                     [90m# org.apache.fineract.test.stepdef.loan.LoanStepDef.loanStatus(java.lang.String)[39m
  [36m↷[39m [36m[1mAnd [22mLoan has [1m0[22m outstanding amount[39m                                                                                                                                                                                                                     [90m# org.apache.fineract.test.stepdef.loan.LoanStepDef.loanOutstanding(double)[39m
  [36m↷[39m [36m[1mAnd [22mLoan Repayment schedule has [1m3[22m periods, with the following data for periods:[39m                                                                                                                                                                       [90m# org.apache.fineract.test.stepdef.loan.LoanStepDef.loanRepaymentSchedulePeriodsCheck(int,io.cucumber.datatable.DataTable)[39m
      | Nr | Days | Date             | Paid date       | Balance of loan | Principal due | Interest | Fees | Penalties | Due    | Paid   | In advance | Late   | Outstanding |
      |    |      | 01 January 2025  |                 | 1000.0          |               |          | 0.0  |           | 0.0    | 0.0    |            |        |             |
      | 1  | 31   | 01 February 2025 | 15 January 2025 | 664.5           | 335.5         | 4.52     | 0.0  | 0.0       | 340.02 | 340.02 | 340.02     | 0.0    | 0.0         |
      |    |      | 15 February 2025 |                 | 200.0           |               |          | 0.0  |           | 0.0    | 0.0    |            |        |             |
      | 2  | 28   | 01 March 2025    | 15 March 2025   | 434.76          | 429.74        | 11.28    | 0.0  | 0.0       | 441.02 | 441.02 | 0.0        | 441.02 | 0.0         |
      | 3  | 31   | 01 April 2025    | 18 March 2025   | 0.0             | 684.76        | 4.24     | 0.0  | 0.0       | 689.0  | 689.0  | 689.0      | 0.0    | 0.0         |
  [36m↷[39m [36m[1mAnd [22mLoan Repayment schedule has the following data in Total row:[39m                                                                                                                                                                                      [90m# org.apache.fineract.test.stepdef.loan.LoanStepDef.loanRepaymentScheduleAmountCheck(io.cucumber.datatable.DataTable)[39m
      | Principal due | Interest | Fees | Penalties | Due     | Paid    | In advance | Late   | Outstanding |
      | 1450.0        | 20.04    | 0.0  | 0.0       | 1470.04 | 1470.04 | 1029.02    | 441.02 | 0.0         |
  [36m↷[39m [36m[1mWhen [22mAdmin sets the business date to [1m"19 March 2025"[22m[39m                                                                                                                                                                                                  [90m# org.apache.fineract.test.stepdef.common.BusinessDateStepDef.setBusinessDate(java.lang.String)[39m
  [36m↷[39m [36m[1mAnd [22mAdmin runs inline COB job for Loan[39m                                                                                                                                                                                                                [90m# org.apache.fineract.test.stepdef.loan.InlineCOBStepDef.runInlineCOB()[39m
  [36m↷[39m [36m[1mAnd [22mCustomer undo [1m"1"[22mth [1m"Repayment"[22m transaction made on [1m"18 March 2025"[22m[39m                                                                                                                                                                               [90m# org.apache.fineract.test.stepdef.loan.LoanRepaymentStepDef.undoNthTransactionType(java.lang.String,java.lang.String,java.lang.String)[39m
  [36m↷[39m [36m[1mThen [22mLoan status will be [1m"ACTIVE"[22m[39m                                                                                                                                                                                                                     [90m# org.apache.fineract.test.stepdef.loan.LoanStepDef.loanStatus(java.lang.String)[39m
  [36m↷[39m [36m[1mAnd [22mLoan Repayment schedule has [1m3[22m periods, with the following data for periods:[39m                                                                                                                                                                       [90m# org.apache.fineract.test.stepdef.loan.LoanStepDef.loanRepaymentSchedulePeriodsCheck(int,io.cucumber.datatable.DataTable)[39m
      | Nr | Days | Date             | Paid date       | Balance of loan | Principal due | Interest | Fees | Penalties | Due    | Paid   | In advance | Late   | Outstanding |
      |    |      | 01 January 2025  |                 | 1000.0          |               |          | 0.0  |           | 0.0    | 0.0    |            |        |             |
      | 1  | 31   | 01 February 2025 | 15 January 2025 | 664.5           | 335.5         | 4.52     | 0.0  | 0.0       | 340.02 | 340.02 | 340.02     | 0.0    | 0.0         |
      |    |      | 15 February 2025 |                 | 200.0           |               |          | 0.0  |           | 0.0    | 0.0    |            |        |             |
      | 2  | 28   | 01 March 2025    | 15 March 2025   | 434.76          | 429.74        | 11.28    | 0.0  | 0.0       | 441.02 | 441.02 | 0.0        | 441.02 | 0.0         |
      | 3  | 31   | 01 April 2025    |                 | 0.0             | 684.76        | 6.21     | 0.0  | 0.0       | 690.97 | 250.0  | 250.0      | 0.0    | 440.97      |
  [36m↷[39m [36m[1mAnd [22mLoan Repayment schedule has the following data in Total row:[39m                                                                                                                                                                                      [90m# org.apache.fineract.test.stepdef.loan.LoanStepDef.loanRepaymentScheduleAmountCheck(io.cucumber.datatable.DataTable)[39m
      | Principal due | Interest | Fees | Penalties | Due     | Paid    | In advance | Late   | Outstanding |
      | 1450.0        | 22.01    | 0.0  | 0.0       | 1472.01 | 1031.04 | 590.02     | 441.02 | 440.97      |
  [36m↷[39m [36m[1mWhen [22mCustomer makes [1m"AUTOPAY"[22m repayment on [1m"19 March 2025"[22m with [1m609.15[22m EUR transaction amount[39m                                                                                                                                                         [90m# org.apache.fineract.test.stepdef.loan.LoanRepaymentStepDef.makeLoanRepayment(java.lang.String,java.lang.String,double)[39m
  [36m↷[39m [36m[1mThen [22mLoan status will be [1m"OVERPAID"[22m[39m                                                                                                                                                                                                                   [90m# org.apache.fineract.test.stepdef.loan.LoanStepDef.loanStatus(java.lang.String)[39m
  [36m↷[39m [36m[1mAnd [22mLoan has [1m170.01[22m overpaid amount[39m                                                                                                                                                                                                                   [90m# org.apache.fineract.test.stepdef.loan.LoanStepDef.loanOverpaid(double)[39m
  [36m↷[39m [36m[1mAnd [22mLoan Repayment schedule has [1m3[22m periods, with the following data for periods:[39m                                                                                                                                                                       [90m# org.apache.fineract.test.stepdef.loan.LoanStepDef.loanRepaymentSchedulePeriodsCheck(int,io.cucumber.datatable.DataTable)[39m
      | Nr | Days | Date             | Paid date       | Balance of loan | Principal due | Interest | Fees | Penalties | Due    | Paid   | In advance | Late   | Outstanding |
      |    |      | 01 January 2025  |                 | 1000.0          |               |          | 0.0  |           | 0.0    | 0.0    |            |        |             |
      | 1  | 31   | 01 February 2025 | 15 January 2025 | 664.5           | 335.5         | 4.52     | 0.0  | 0.0       | 340.02 | 340.02 | 340.02     | 0.0    | 0.0         |
      |    |      | 15 February 2025 |                 | 200.0           |               |          | 0.0  |           | 0.0    | 0.0    |            |        |             |
      | 2  | 28   | 01 March 2025    | 15 March 2025   | 434.76          | 429.74        | 11.28    | 0.0  | 0.0       | 441.02 | 441.02 | 0.0        | 441.02 | 0.0         |
      | 3  | 31   | 01 April 2025    | 19 March 2025   | 0.0             | 684.76        | 4.38     | 0.0  | 0.0       | 689.14 | 689.14 | 689.14     | 0.0    | 0.0         |
  [36m↷[39m [36m[1mAnd [22mLoan Repayment schedule has the following data in Total row:[39m                                                                                                                                                                                      [90m# org.apache.fineract.test.stepdef.loan.LoanStepDef.loanRepaymentScheduleAmountCheck(io.cucumber.datatable.DataTable)[39m
      | Principal due | Interest | Fees | Penalties | Due     | Paid    | In advance | Late   | Outstanding |
      | 1450.0        | 20.18    | 0.0  | 0.0       | 1470.18 | 1470.18 | 1029.16    | 441.02 | 0.0         |
  [36m↷[39m [36m[1mWhen [22mAdmin makes Credit Balance Refund transaction on [1m"19 March 2025"[22m with [1m170.01[22m EUR transaction amount[39m                                                                                                                                              [90m# org.apache.fineract.test.stepdef.loan.LoanStepDef.createCBR(java.lang.String,double)[39m
  [36m↷[39m [36m[1mThen [22mLoan status will be [1m"CLOSED_OBLIGATIONS_MET"[22m[39m                                                                                                                                                                                                     [90m# org.apache.fineract.test.stepdef.loan.LoanStepDef.loanStatus(java.lang.String)[39m
  [36m↷[39m [36m[1mAnd [22mLoan has [1m0[22m outstanding amount[39m                                                                                                                                                                                                                     [90m# org.apache.fineract.test.stepdef.loan.LoanStepDef.loanOutstanding(double)[39m
  [36m↷[39m [36m[1mAnd [22mLoan Repayment schedule has [1m3[22m periods, with the following data for periods:[39m                                                                                                                                                                       [90m# org.apache.fineract.test.stepdef.loan.LoanStepDef.loanRepaymentSchedulePeriodsCheck(int,io.cucumber.datatable.DataTable)[39m
      | Nr | Days | Date             | Paid date       | Balance of loan | Principal due | Interest | Fees | Penalties | Due    | Paid   | In advance | Late   | Outstanding |
      |    |      | 01 January 2025  |                 | 1000.0          |               |          | 0.0  |           | 0.0    | 0.0    |            |        |             |
      | 1  | 31   | 01 February 2025 | 15 January 2025 | 664.5           | 335.5         | 4.52     | 0.0  | 0.0       | 340.02 | 340.02 | 340.02     | 0.0    | 0.0         |
      |    |      | 15 February 2025 |                 | 200.0           |               |          | 0.0  |           | 0.0    | 0.0    |            |        |             |
      | 2  | 28   | 01 March 2025    | 15 March 2025   | 434.76          | 429.74        | 11.28    | 0.0  | 0.0       | 441.02 | 441.02 | 0.0        | 441.02 | 0.0         |
      | 3  | 31   | 01 April 2025    | 19 March 2025   | 0.0             | 684.76        | 4.38     | 0.0  | 0.0       | 689.14 | 689.14 | 689.14     | 0.0    | 0.0         |
  [36m↷[39m [36m[1mAnd [22mLoan Repayment schedule has the following data in Total row:[39m                                                                                                                                                                                      [90m# org.apache.fineract.test.stepdef.loan.LoanStepDef.loanRepaymentScheduleAmountCheck(io.cucumber.datatable.DataTable)[39m
      | Principal due | Interest | Fees | Penalties | Due     | Paid    | In advance | Late   | Outstanding |
      | 1450.0        | 20.18    | 0.0  | 0.0       | 1470.18 | 1470.18 | 1029.16    | 441.02 | 0.0         |
  [36m↷[39m [36m[1mWhen [22mAdmin makes [1m"REPAYMENT_ADJUSTMENT_CHARGEBACK"[22m chargeback with [1m340.02[22m EUR transaction amount for Payment nr. [1m1[22m[39m                                                                                                                                    [90m# org.apache.fineract.test.stepdef.loan.LoanChargeBackStepDef.makeLoanChargebackForPayment(java.lang.String,double,double)[39m
  [36m↷[39m [36m[1mThen [22mLoan Repayment schedule has [1m3[22m periods, with the following data for periods:[39m                                                                                                                                                                      [90m# org.apache.fineract.test.stepdef.loan.LoanStepDef.loanRepaymentSchedulePeriodsCheck(int,io.cucumber.datatable.DataTable)[39m
      | Nr | Days | Date             | Paid date       | Balance of loan | Principal due | Interest | Fees | Penalties | Due     | Paid   | In advance | Late   | Outstanding |
      |    |      | 01 January 2025  |                 | 1000.0          |               |          | 0.0  |           | 0.0     | 0.0    |            |        |             |
      | 1  | 31   | 01 February 2025 | 15 January 2025 | 664.5           | 335.5         | 4.52     | 0.0  | 0.0       | 340.02  | 340.02 | 340.02     | 0.0    | 0.0         |
      |    |      | 15 February 2025 |                 | 200.0           |               |          | 0.0  |           | 0.0     | 0.0    |            |        |             |
      | 2  | 28   | 01 March 2025    | 15 March 2025   | 434.76          | 429.74        | 11.28    | 0.0  | 0.0       | 441.02  | 441.02 | 0.0        | 441.02 | 0.0         |
      | 3  | 31   | 01 April 2025    |                 | 0.0             | 1024.78       | 5.81     | 0.0  | 0.0       | 1030.59 | 689.14 | 689.14     | 0.0    | 341.45      |
  [36m↷[39m [36m[1mAnd [22mLoan Repayment schedule has the following data in Total row:[39m                                                                                                                                                                                      [90m# org.apache.fineract.test.stepdef.loan.LoanStepDef.loanRepaymentScheduleAmountCheck(io.cucumber.datatable.DataTable)[39m
      | Principal due | Interest | Fees | Penalties | Due     | Paid    | In advance | Late   | Outstanding |
      | 1790.02       | 21.61    | 0.0  | 0.0       | 1811.63 | 1470.18 | 1029.16    | 441.02 | 341.45      |
  [36m↷[39m [36m[1mWhen [22mCustomer makes [1m"AUTOPAY"[22m repayment on [1m"19 March 2025"[22m with [1m340.02[22m EUR transaction amount[39m                                                                                                                                                         [90m# org.apache.fineract.test.stepdef.loan.LoanRepaymentStepDef.makeLoanRepayment(java.lang.String,java.lang.String,double)[39m
  [36m↷[39m [36m[1mThen [22mLoan status will be [1m"CLOSED_OBLIGATIONS_MET"[22m[39m                                                                                                                                                                                                     [90m# org.apache.fineract.test.stepdef.loan.LoanStepDef.loanStatus(java.lang.String)[39m
  [36m↷[39m [36m[1mAnd [22mLoan has [1m0[22m outstanding amount[39m                                                                                                                                                                                                                     [90m# org.apache.fineract.test.stepdef.loan.LoanStepDef.loanOutstanding(double)[39m
  [36m↷[39m [36m[1mAnd [22mLoan Repayment schedule has [1m3[22m periods, with the following data for periods:[39m                                                                                                                                                                       [90m# org.apache.fineract.test.stepdef.loan.LoanStepDef.loanRepaymentSchedulePeriodsCheck(int,io.cucumber.datatable.DataTable)[39m
      | Nr | Days | Date             | Paid date       | Balance of loan | Principal due | Interest | Fees | Penalties | Due     | Paid    | In advance | Late   | Outstanding |
      |    |      | 01 January 2025  |                 | 1000.0          |               |          | 0.0  |           | 0.0     | 0.0     |            |        |             |
      | 1  | 31   | 01 February 2025 | 15 January 2025 | 664.5           | 335.5         | 4.52     | 0.0  | 0.0       | 340.02  | 340.02  | 340.02     | 0.0    | 0.0         |
      |    |      | 15 February 2025 |                 | 200.0           |               |          | 0.0  |           | 0.0     | 0.0     |            |        |             |
      | 2  | 28   | 01 March 2025    | 15 March 2025   | 434.76          | 429.74        | 11.28    | 0.0  | 0.0       | 441.02  | 441.02  | 0.0        | 441.02 | 0.0         |
      | 3  | 31   | 01 April 2025    | 19 March 2025   | 0.0             | 1024.78       | 4.38     | 0.0  | 0.0       | 1029.16 | 1029.16 | 1029.16    | 0.0    | 0.0         |
  [36m↷[39m [36m[1mAnd [22mLoan Repayment schedule has the following data in Total row:[39m                                                                                                                                                                                      [90m# org.apache.fineract.test.stepdef.loan.LoanStepDef.loanRepaymentScheduleAmountCheck(io.cucumber.datatable.DataTable)[39m
      | Principal due | Interest | Fees | Penalties | Due     | Paid    | In advance | Late   | Outstanding |
      | 1790.02       | 20.18    | 0.0  | 0.0       | 1810.20 | 1810.20 | 1369.18    | 441.02 | 0.0         |
  [36m↷[39m [36m[1mAnd [22mLoan Transactions tab has the following data:[39m                                                                                                                                                                                                     [90m# org.apache.fineract.test.stepdef.loan.LoanStepDef.loanTransactionsTabCheck(io.cucumber.datatable.DataTable)[39m
      | Transaction date | Transaction Type       | Amount | Principal | Interest | Fees | Penalties | Loan Balance | Reverted | Replayed |
      | 01 January 2025  | Disbursement           | 1000.0 | 0.0       | 0.0      | 0.0  | 0.0       | 1000.0       | false    | false    |
      | 02 January 2025  | Accrual                | 0.32   | 0.0       | 0.32     | 0.0  | 0.0       | 0.0          | false    | false    |
      | 03 January 2025  | Accrual                | 0.33   | 0.0       | 0.33     | 0.0  | 0.0       | 0.0          | false    | false    |
      | 04 January 2025  | Accrual                | 0.32   | 0.0       | 0.32     | 0.0  | 0.0       | 0.0          | false    | false    |
      | 05 January 2025  | Accrual                | 0.32   | 0.0       | 0.32     | 0.0  | 0.0       | 0.0          | false    | false    |
      | 06 January 2025  | Accrual                | 0.32   | 0.0       | 0.32     | 0.0  | 0.0       | 0.0          | false    | false    |
      | 07 January 2025  | Accrual                | 0.33   | 0.0       | 0.33     | 0.0  | 0.0       | 0.0          | false    | false    |
      | 08 January 2025  | Accrual                | 0.32   | 0.0       | 0.32     | 0.0  | 0.0       | 0.0          | false    | false    |
      | 09 January 2025  | Accrual                | 0.32   | 0.0       | 0.32     | 0.0  | 0.0       | 0.0          | false    | false    |
      | 10 January 2025  | Accrual                | 0.32   | 0.0       | 0.32     | 0.0  | 0.0       | 0.0          | false    | false    |
      | 11 January 2025  | Accrual                | 0.33   | 0.0       | 0.33     | 0.0  | 0.0       | 0.0          | false    | false    |
      | 12 January 2025  | Accrual                | 0.32   | 0.0       | 0.32     | 0.0  | 0.0       | 0.0          | false    | false    |
      | 13 January 2025  | Accrual                | 0.32   | 0.0       | 0.32     | 0.0  | 0.0       | 0.0          | false    | false    |
      | 14 January 2025  | Accrual                | 0.32   | 0.0       | 0.32     | 0.0  | 0.0       | 0.0          | false    | false    |
      | 15 January 2025  | Accrual                | 0.33   | 0.0       | 0.33     | 0.0  | 0.0       | 0.0          | false    | false    |
      | 15 January 2025  | Repayment              | 340.02 | 335.5     | 4.52     | 0.0  | 0.0       | 664.5        | false    | false    |
      | 16 January 2025  | Accrual                | 0.32   | 0.0       | 0.32     | 0.0  | 0.0       | 0.0          | false    | false    |
      | 17 January 2025  | Accrual                | 0.32   | 0.0       | 0.32     | 0.0  | 0.0       | 0.0          | false    | false    |
      | 18 January 2025  | Accrual                | 0.32   | 0.0       | 0.32     | 0.0  | 0.0       | 0.0          | false    | false    |
      | 19 January 2025  | Accrual                | 0.33   | 0.0       | 0.33     | 0.0  | 0.0       | 0.0          | false    | false    |
      | 20 January 2025  | Accrual                | 0.32   | 0.0       | 0.32     | 0.0  | 0.0       | 0.0          | false    | false    |
      | 21 January 2025  | Accrual                | 0.32   | 0.0       | 0.32     | 0.0  | 0.0       | 0.0          | false    | false    |
      | 22 January 2025  | Accrual                | 0.32   | 0.0       | 0.32     | 0.0  | 0.0       | 0.0          | false    | false    |
      | 23 January 2025  | Accrual                | 0.33   | 0.0       | 0.33     | 0.0  | 0.0       | 0.0          | false    | false    |
      | 24 January 2025  | Accrual                | 0.32   | 0.0       | 0.32     | 0.0  | 0.0       | 0.0          | false    | false    |
      | 25 January 2025  | Accrual                | 0.32   | 0.0       | 0.32     | 0.0  | 0.0       | 0.0          | false    | false    |
      | 26 January 2025  | Accrual                | 0.32   | 0.0       | 0.32     | 0.0  | 0.0       | 0.0          | false    | false    |
      | 27 January 2025  | Accrual                | 0.33   | 0.0       | 0.33     | 0.0  | 0.0       | 0.0          | false    | false    |
      | 28 January 2025  | Accrual                | 0.32   | 0.0       | 0.32     | 0.0  | 0.0       | 0.0          | false    | false    |
      | 29 January 2025  | Accrual                | 0.32   | 0.0       | 0.32     | 0.0  | 0.0       | 0.0          | false    | false    |
      | 30 January 2025  | Accrual                | 0.32   | 0.0       | 0.32     | 0.0  | 0.0       | 0.0          | false    | false    |
      | 31 January 2025  | Accrual                | 0.33   | 0.0       | 0.33     | 0.0  | 0.0       | 0.0          | false    | false    |
      | 01 February 2025 | Accrual                | 0.32   | 0.0       | 0.32     | 0.0  | 0.0       | 0.0          | false    | false    |
      | 02 February 2025 | Accrual                | 0.36   | 0.0       | 0.36     | 0.0  | 0.0       | 0.0          | false    | false    |
      | 03 February 2025 | Accrual                | 0.35   | 0.0       | 0.35     | 0.0  | 0.0       | 0.0          | false    | false    |
      | 04 February 2025 | Accrual                | 0.36   | 0.0       | 0.36     | 0.0  | 0.0       | 0.0          | false    | false    |
      | 05 February 2025 | Accrual                | 0.36   | 0.0       | 0.36     | 0.0  | 0.0       | 0.0          | false    | false    |
      | 06 February 2025 | Accrual                | 0.36   | 0.0       | 0.36     | 0.0  | 0.0       | 0.0          | false    | false    |
      | 07 February 2025 | Accrual                | 0.35   | 0.0       | 0.35     | 0.0  | 0.0       | 0.0          | false    | false    |
      | 08 February 2025 | Accrual                | 0.36   | 0.0       | 0.36     | 0.0  | 0.0       | 0.0          | false    | false    |
      | 09 February 2025 | Accrual                | 0.36   | 0.0       | 0.36     | 0.0  | 0.0       | 0.0          | false    | false    |
      | 10 February 2025 | Accrual                | 0.35   | 0.0       | 0.35     | 0.0  | 0.0       | 0.0          | false    | false    |
      | 11 February 2025 | Accrual                | 0.36   | 0.0       | 0.36     | 0.0  | 0.0       | 0.0          | false    | false    |
      | 12 February 2025 | Accrual                | 0.36   | 0.0       | 0.36     | 0.0  | 0.0       | 0.0          | false    | false    |
      | 13 February 2025 | Accrual                | 0.36   | 0.0       | 0.36     | 0.0  | 0.0       | 0.0          | false    | false    |
      | 14 February 2025 | Accrual                | 0.35   | 0.0       | 0.35     | 0.0  | 0.0       | 0.0          | false    | false    |
      | 15 February 2025 | Disbursement           | 200.0  | 0.0       | 0.0      | 0.0  | 0.0       | 864.5        | false    | false    |
      | 15 February 2025 | Accrual Adjustment     | 3.16   | 0.0       | 3.16     | 0.0  | 0.0       | 0.0          | false    | false    |
      | 16 February 2025 | Accrual                | 0.31   | 0.0       | 0.31     | 0.0  | 0.0       | 0.0          | false    | false    |
      | 17 February 2025 | Accrual                | 0.31   | 0.0       | 0.31     | 0.0  | 0.0       | 0.0          | false    | false    |
      | 18 February 2025 | Accrual                | 0.31   | 0.0       | 0.31     | 0.0  | 0.0       | 0.0          | false    | false    |
      | 19 February 2025 | Accrual                | 0.31   | 0.0       | 0.31     | 0.0  | 0.0       | 0.0          | false    | false    |
      | 20 February 2025 | Accrual                | 0.31   | 0.0       | 0.31     | 0.0  | 0.0       | 0.0          | false    | false    |
      | 21 February 2025 | Accrual                | 0.31   | 0.0       | 0.31     | 0.0  | 0.0       | 0.0          | false    | false    |
      | 22 February 2025 | Accrual                | 0.3    | 0.0       | 0.3      | 0.0  | 0.0       | 0.0          | false    | false    |
      | 23 February 2025 | Accrual                | 0.31   | 0.0       | 0.31     | 0.0  | 0.0       | 0.0          | false    | false    |
      | 24 February 2025 | Accrual                | 0.31   | 0.0       | 0.31     | 0.0  | 0.0       | 0.0          | false    | false    |
      | 25 February 2025 | Accrual                | 0.31   | 0.0       | 0.31     | 0.0  | 0.0       | 0.0          | false    | false    |
      | 26 February 2025 | Accrual                | 0.31   | 0.0       | 0.31     | 0.0  | 0.0       | 0.0          | false    | false    |
      | 27 February 2025 | Accrual                | 0.31   | 0.0       | 0.31     | 0.0  | 0.0       | 0.0          | false    | false    |
      | 28 February 2025 | Accrual                | 0.31   | 0.0       | 0.31     | 0.0  | 0.0       | 0.0          | false    | false    |
      | 01 March 2025    | Accrual                | 0.3    | 0.0       | 0.3      | 0.0  | 0.0       | 0.0          | false    | false    |
      | 02 March 2025    | Accrual                | 0.28   | 0.0       | 0.28     | 0.0  | 0.0       | 0.0          | false    | false    |
      | 03 March 2025    | Accrual                | 0.28   | 0.0       | 0.28     | 0.0  | 0.0       | 0.0          | false    | false    |
      | 04 March 2025    | Accrual                | 0.28   | 0.0       | 0.28     | 0.0  | 0.0       | 0.0          | false    | false    |
      | 05 March 2025    | Accrual                | 0.28   | 0.0       | 0.28     | 0.0  | 0.0       | 0.0          | false    | false    |
      | 06 March 2025    | Accrual                | 0.27   | 0.0       | 0.27     | 0.0  | 0.0       | 0.0          | false    | false    |
      | 07 March 2025    | Accrual                | 0.28   | 0.0       | 0.28     | 0.0  | 0.0       | 0.0          | false    | false    |
      | 08 March 2025    | Accrual                | 0.28   | 0.0       | 0.28     | 0.0  | 0.0       | 0.0          | false    | false    |
      | 09 March 2025    | Accrual                | 0.28   | 0.0       | 0.28     | 0.0  | 0.0       | 0.0          | false    | false    |
      | 10 March 2025    | Accrual                | 0.28   | 0.0       | 0.28     | 0.0  | 0.0       | 0.0          | false    | false    |
      | 11 March 2025    | Accrual                | 0.28   | 0.0       | 0.28     | 0.0  | 0.0       | 0.0          | false    | false    |
      | 12 March 2025    | Accrual                | 0.28   | 0.0       | 0.28     | 0.0  | 0.0       | 0.0          | false    | false    |
      | 13 March 2025    | Accrual                | 0.28   | 0.0       | 0.28     | 0.0  | 0.0       | 0.0          | false    | false    |
      | 14 March 2025    | Accrual                | 0.28   | 0.0       | 0.28     | 0.0  | 0.0       | 0.0          | false    | false    |
      | 15 March 2025    | Repayment              | 441.02 | 429.74    | 11.28    | 0.0  | 0.0       | 434.76       | false    | false    |
      | 15 March 2025    | Accrual                | 0.27   | 0.0       | 0.27     | 0.0  | 0.0       | 0.0          | false    | false    |
      | 16 March 2025    | Merchant Issued Refund | 250.0  | 250.0     | 0.0      | 0.0  | 0.0       | 184.76       | false    | false    |
      | 16 March 2025    | Accrual                | 0.14   | 0.0       | 0.14     | 0.0  | 0.0       | 0.0          | false    | false    |
      | 17 March 2025    | Chargeback             | 250.0  | 250.0     | 0.0      | 0.0  | 0.0       | 434.76       | false    | false    |
      | 17 March 2025    | Accrual                | 0.06   | 0.0       | 0.06     | 0.0  | 0.0       | 0.0          | false    | false    |
      | 18 March 2025    | Repayment              | 439.0  | 434.76    | 4.24     | 0.0  | 0.0       | 0.0          | true     | false    |
      | 18 March 2025    | Accrual                | 0.14   | 0.0       | 0.14     | 0.0  | 0.0       | 0.0          | false    | false    |
      | 19 March 2025    | Repayment              | 609.15 | 434.76    | 4.38     | 0.0  | 0.0       | 0.0          | false    | false    |
      | 19 March 2025    | Accrual                | 0.14   | 0.0       | 0.14     | 0.0  | 0.0       | 0.0          | false    | false    |
      | 19 March 2025    | Credit Balance Refund  | 170.01 | 0.0       | 0.0      | 0.0  | 0.0       | 0.0          | false    | false    |
      | 19 March 2025    | Chargeback             | 340.02 | 340.02    | 0.0      | 0.0  | 0.0       | 340.02       | false    | false    |
      | 19 March 2025    | Repayment              | 340.02 | 340.02    | 0.0      | 0.0  | 0.0       | 0.0          | false    | false    |

[31mFailed scenarios:[39m
  1) Verify Loan repayment schedule for progressive loan, interest type: Declining balance, interest calculation period: same as repayment - UC10: complex transactions, interest recalculation enabled, partial period interest calculation enabled [90m# file:///work/fineract-e2e-tests-runner/src/test/resources/features/LoanRepaymentSchedule.feature:824[39m
       [31morg.opentest4j.AssertionFailedError: [[39m
       [31mWrong value in Repayment schedule of resource 1 tab line 4.[39m
       [31mActual values in line (with the same due date) are: [39m
       [31m[2, 28, 01 March 2025, null, 434.77, 429.73, 11.29, 0.0, 0.0, 441.02, 0.0, 0.0, 0.0, 441.02] - [39m
       [31mBut expected values in line: [39m
       [31m[2, 28, 01 March 2025, null, 434.76, 429.74, 11.28, 0.0, 0.0, 441.02, 0.0, 0.0, 0.0, 441.02]] [39m
       [31mExpecting value to be true but was false[39m
       [31m	at org.apache.fineract.test.stepdef.loan.LoanStepDef.loanRepaymentSchedulePeriodsCheck(LoanStepDef.java:2312)[39m
       [31m	at ✽.Loan Repayment schedule has 3 periods, with the following data for periods:(file:///work/fineract-e2e-tests-runner/src/test/resources/features/LoanRepaymentSchedule.feature:841)[39m


1 scenarios ([31m1 failed[39m)
67 steps ([32m18 passed[39m, [36m48 skipped[39m, [31m1 failed[39m)
0m 27.535s
> Task :fineract-e2e-tests-runner:cucumber FAILED

[Incubating] Problems report is available at: file:///work/build/reports/problems/problems-report.html

Deprecated Gradle features were used in this build, making it incompatible with Gradle 9.0.

You can use '--warning-mode all' to show the individual deprecation warnings and determine if they come from your own scripts or plugins.

For more on this, please refer to https://docs.gradle.org/8.14.5/userguide/command_line_interface.html#sec:command_line_warnings in the Gradle documentation.
24 actionable tasks: 3 executed, 21 up-to-date

FAILURE: Build failed with an exception.

* What went wrong:
Execution failed for task ':fineract-e2e-tests-runner:cucumber'.
> java.lang.RuntimeException: The execution failed

* Try:
> Run with --stacktrace option to get the stack trace.
> Run with --info or --debug option to get more log output.
> Get more help at https://help.gradle.org.

BUILD FAILED in 43s
=== run end 2026-09-11T10:56:54Z rc=1 ===
