=== RUN   TestObservedCharactersMustBeInTheCitedCapture
=== RUN   TestObservedCharactersMustBeInTheCitedCapture/oracle_side
=== RUN   TestObservedCharactersMustBeInTheCitedCapture/request_side
--- PASS: TestObservedCharactersMustBeInTheCitedCapture (0.09s)
    --- PASS: TestObservedCharactersMustBeInTheCitedCapture/oracle_side (0.05s)
    --- PASS: TestObservedCharactersMustBeInTheCitedCapture/request_side (0.04s)
=== RUN   TestANumericPrefixOfTheCapturedAmountIsNotVerbatim
=== RUN   TestANumericPrefixOfTheCapturedAmountIsNotVerbatim/control_the_unmutated_vector_still_admits
=== RUN   TestANumericPrefixOfTheCapturedAmountIsNotVerbatim/request_side_prefix_A17
=== RUN   TestANumericPrefixOfTheCapturedAmountIsNotVerbatim/oracle_side_prefix
=== RUN   TestANumericPrefixOfTheCapturedAmountIsNotVerbatim/oracle_side_tail
=== RUN   TestANumericPrefixOfTheCapturedAmountIsNotVerbatim/absent_text_keeps_the_original_diagnostic
--- PASS: TestANumericPrefixOfTheCapturedAmountIsNotVerbatim (0.22s)
    --- PASS: TestANumericPrefixOfTheCapturedAmountIsNotVerbatim/control_the_unmutated_vector_still_admits (0.04s)
    --- PASS: TestANumericPrefixOfTheCapturedAmountIsNotVerbatim/request_side_prefix_A17 (0.05s)
    --- PASS: TestANumericPrefixOfTheCapturedAmountIsNotVerbatim/oracle_side_prefix (0.05s)
    --- PASS: TestANumericPrefixOfTheCapturedAmountIsNotVerbatim/oracle_side_tail (0.03s)
    --- PASS: TestANumericPrefixOfTheCapturedAmountIsNotVerbatim/absent_text_keeps_the_original_diagnostic (0.04s)
=== RUN   TestTheBoundaryRuleFormsNoNumber
=== RUN   TestTheBoundaryRuleFormsNoNumber/exact_json_number
=== RUN   TestTheBoundaryRuleFormsNoNumber/prefix_of_a_longer_number
=== RUN   TestTheBoundaryRuleFormsNoNumber/prefix_by_one_digit
=== RUN   TestTheBoundaryRuleFormsNoNumber/tail_of_a_longer_number
=== RUN   TestTheBoundaryRuleFormsNoNumber/quoted_string_form
=== RUN   TestTheBoundaryRuleFormsNoNumber/whole_number_glued_to_a_fraction
=== RUN   TestTheBoundaryRuleFormsNoNumber/sign_on_the_left
=== RUN   TestTheBoundaryRuleFormsNoNumber/exponent_on_the_right
=== RUN   TestTheBoundaryRuleFormsNoNumber/absent
=== RUN   TestTheBoundaryRuleFormsNoNumber/trailing_zero_form_is_a_different_string
=== RUN   TestTheBoundaryRuleFormsNoNumber/one_bounded_occurrence_is_enough
=== RUN   TestTheBoundaryRuleFormsNoNumber/nineteen_significant_digits
=== RUN   TestTheBoundaryRuleFormsNoNumber/nineteen_significant_digits_prefix
=== RUN   TestTheBoundaryRuleFormsNoNumber/at_start_of_buffer
=== RUN   TestTheBoundaryRuleFormsNoNumber/at_end_of_buffer
=== RUN   TestTheBoundaryRuleFormsNoNumber/empty_needle_never_matches
--- PASS: TestTheBoundaryRuleFormsNoNumber (0.00s)
    --- PASS: TestTheBoundaryRuleFormsNoNumber/exact_json_number (0.00s)
    --- PASS: TestTheBoundaryRuleFormsNoNumber/prefix_of_a_longer_number (0.00s)
    --- PASS: TestTheBoundaryRuleFormsNoNumber/prefix_by_one_digit (0.00s)
    --- PASS: TestTheBoundaryRuleFormsNoNumber/tail_of_a_longer_number (0.00s)
    --- PASS: TestTheBoundaryRuleFormsNoNumber/quoted_string_form (0.00s)
    --- PASS: TestTheBoundaryRuleFormsNoNumber/whole_number_glued_to_a_fraction (0.00s)
    --- PASS: TestTheBoundaryRuleFormsNoNumber/sign_on_the_left (0.00s)
    --- PASS: TestTheBoundaryRuleFormsNoNumber/exponent_on_the_right (0.00s)
    --- PASS: TestTheBoundaryRuleFormsNoNumber/absent (0.00s)
    --- PASS: TestTheBoundaryRuleFormsNoNumber/trailing_zero_form_is_a_different_string (0.00s)
    --- PASS: TestTheBoundaryRuleFormsNoNumber/one_bounded_occurrence_is_enough (0.00s)
    --- PASS: TestTheBoundaryRuleFormsNoNumber/nineteen_significant_digits (0.00s)
    --- PASS: TestTheBoundaryRuleFormsNoNumber/nineteen_significant_digits_prefix (0.00s)
    --- PASS: TestTheBoundaryRuleFormsNoNumber/at_start_of_buffer (0.00s)
    --- PASS: TestTheBoundaryRuleFormsNoNumber/at_end_of_buffer (0.00s)
    --- PASS: TestTheBoundaryRuleFormsNoNumber/empty_needle_never_matches (0.00s)
=== RUN   TestThePrefixIsStillCaughtDownstreamIfAdmissionIsBypassed
--- PASS: TestThePrefixIsStillCaughtDownstreamIfAdmissionIsBypassed (0.09s)
PASS
ok  	github.com/gerege/nexus/internal/apps/ledger/conformance	0.807s
GREEN exit = 0
