loan 1    rc=0   http=200      5593 bytes  https://localhost:8444/fineract-provider/api/v1/journalentries?loanId=1&limit=-1
loan 2    rc=0   http=200      5600 bytes  https://localhost:8444/fineract-provider/api/v1/journalentries?loanId=2&limit=-1
loan 3    rc=0   http=200      7004 bytes  https://localhost:8444/fineract-provider/api/v1/journalentries?loanId=3&limit=-1
loan 4    rc=0   http=200      5609 bytes  https://localhost:8444/fineract-provider/api/v1/journalentries?loanId=4&limit=-1
loan 5    rc=0   http=200      7008 bytes  https://localhost:8444/fineract-provider/api/v1/journalentries?loanId=5&limit=-1
loan 6    rc=0   http=200      7008 bytes  https://localhost:8444/fineract-provider/api/v1/journalentries?loanId=6&limit=-1
loan 7    rc=0   http=200      5603 bytes  https://localhost:8444/fineract-provider/api/v1/journalentries?loanId=7&limit=-1
loan 8    rc=0   http=200      5603 bytes  https://localhost:8444/fineract-provider/api/v1/journalentries?loanId=8&limit=-1
loan 9    rc=0   http=200      5603 bytes  https://localhost:8444/fineract-provider/api/v1/journalentries?loanId=9&limit=-1
loan 10   rc=0   http=200      5611 bytes  https://localhost:8444/fineract-provider/api/v1/journalentries?loanId=10&limit=-1
loan 11   rc=0   http=200      5627 bytes  https://localhost:8444/fineract-provider/api/v1/journalentries?loanId=11&limit=-1
loan 12   rc=0   http=200      5630 bytes  https://localhost:8444/fineract-provider/api/v1/journalentries?loanId=12&limit=-1
loan 13   rc=0   http=200      5635 bytes  https://localhost:8444/fineract-provider/api/v1/journalentries?loanId=13&limit=-1
loan 14   rc=0   http=200      5635 bytes  https://localhost:8444/fineract-provider/api/v1/journalentries?loanId=14&limit=-1
loan 15   rc=0   http=200      1436 bytes  https://localhost:8444/fineract-provider/api/v1/journalentries?loanId=15&limit=-1
loan 16   rc=0   http=200      4230 bytes  https://localhost:8444/fineract-provider/api/v1/journalentries?loanId=16&limit=-1
loan 17   rc=0   http=200      4224 bytes  https://localhost:8444/fineract-provider/api/v1/journalentries?loanId=17&limit=-1
loan 18   rc=0   http=200      5628 bytes  https://localhost:8444/fineract-provider/api/v1/journalentries?loanId=18&limit=-1
loan 19   rc=0   http=200      7014 bytes  https://localhost:8444/fineract-provider/api/v1/journalentries?loanId=19&limit=-1
loan 20   rc=0   http=200      7028 bytes  https://localhost:8444/fineract-provider/api/v1/journalentries?loanId=20&limit=-1
loan 21   rc=0   http=200      7028 bytes  https://localhost:8444/fineract-provider/api/v1/journalentries?loanId=21&limit=-1
loan 22   rc=0   http=200      7006 bytes  https://localhost:8444/fineract-provider/api/v1/journalentries?loanId=22&limit=-1
loan 23   rc=0   http=200      6316 bytes  https://localhost:8444/fineract-provider/api/v1/journalentries?loanId=23&limit=-1
loan 24   rc=0   http=200     11194 bytes  https://localhost:8444/fineract-provider/api/v1/journalentries?loanId=24&limit=-1
loan 25   rc=0   http=200     15367 bytes  https://localhost:8444/fineract-provider/api/v1/journalentries?loanId=25&limit=-1
loan 26   rc=0   http=200      1438 bytes  https://localhost:8444/fineract-provider/api/v1/journalentries?loanId=26&limit=-1
loan 27   rc=0   http=200      1438 bytes  https://localhost:8444/fineract-provider/api/v1/journalentries?loanId=27&limit=-1
loan 28   rc=0   http=200      1438 bytes  https://localhost:8444/fineract-provider/api/v1/journalentries?loanId=28&limit=-1
loan 29   rc=0   http=200      1438 bytes  https://localhost:8444/fineract-provider/api/v1/journalentries?loanId=29&limit=-1
loan 30   rc=0   http=200      1438 bytes  https://localhost:8444/fineract-provider/api/v1/journalentries?loanId=30&limit=-1
loan 31   rc=0   http=200      1438 bytes  https://localhost:8444/fineract-provider/api/v1/journalentries?loanId=31&limit=-1
loan 32   rc=0   http=200      1438 bytes  https://localhost:8444/fineract-provider/api/v1/journalentries?loanId=32&limit=-1
loan 33   rc=0   http=200      1438 bytes  https://localhost:8444/fineract-provider/api/v1/journalentries?loanId=33&limit=-1
loan 34   rc=0   http=200      1438 bytes  https://localhost:8444/fineract-provider/api/v1/journalentries?loanId=34&limit=-1
loan 35   rc=0   http=200      1438 bytes  https://localhost:8444/fineract-provider/api/v1/journalentries?loanId=35&limit=-1
loan 36   rc=0   http=200        41 bytes  https://localhost:8444/fineract-provider/api/v1/journalentries?loanId=36&limit=-1
loan 37   rc=0   http=200     14070 bytes  https://localhost:8444/fineract-provider/api/v1/journalentries?loanId=37&limit=-1
loan 38   rc=0   http=200      7007 bytes  https://localhost:8444/fineract-provider/api/v1/journalentries?loanId=38&limit=-1
loan 39   rc=0   http=200      7007 bytes  https://localhost:8444/fineract-provider/api/v1/journalentries?loanId=39&limit=-1
loan 40   rc=0   http=200      4222 bytes  https://localhost:8444/fineract-provider/api/v1/journalentries?loanId=40&limit=-1
loan 41   rc=0   http=200      4222 bytes  https://localhost:8444/fineract-provider/api/v1/journalentries?loanId=41&limit=-1
loan 42   rc=0   http=200      7013 bytes  https://localhost:8444/fineract-provider/api/v1/journalentries?loanId=42&limit=-1
loan 43   rc=0   http=200      7013 bytes  https://localhost:8444/fineract-provider/api/v1/journalentries?loanId=43&limit=-1
loan 44   rc=0   http=200      2823 bytes  https://localhost:8444/fineract-provider/api/v1/journalentries?loanId=44&limit=-1
loan 45   rc=0   http=200      2819 bytes  https://localhost:8444/fineract-provider/api/v1/journalentries?loanId=45&limit=-1
loan 46   rc=0   http=200      4908 bytes  https://localhost:8444/fineract-provider/api/v1/journalentries?loanId=46&limit=-1
loan 47   rc=0   http=200      1436 bytes  https://localhost:8444/fineract-provider/api/v1/journalentries?loanId=47&limit=-1
loan 48   rc=0   http=200      1436 bytes  https://localhost:8444/fineract-provider/api/v1/journalentries?loanId=48&limit=-1
loan 49   rc=0   http=200      7722 bytes  https://localhost:8444/fineract-provider/api/v1/journalentries?loanId=49&limit=-1
sweep: 49 loans, 349 legs; manifest /Users/buv/oh-gerege-tierd27/.softhouse/capture/tierd-feasibility/loan-p3-mnt/journalentries-sweep-manifest.json
